mark.n mark.n.1 mark.n.0
mark.n mark.n.2 mark.n.0
mark.n mark.n.3 mark.n.0
mark.n mark.n.4 mark.n.0
mark.n mark.n.5 mark.n.0
mark.n mark.n.6 mark.n.0
mark.n mark.n.7 mark.n.0
mark.n mark.n.8 mark.n.0
mark.n mark.n.9 mark.n.0
mark.n mark.n.10 mark.n.0
mark.n mark.n.11 mark.n.0
mark.n mark.n.12 mark.n.0
mark.n mark.n.13 mark.n.0
mark.n mark.n.14 mark.n.0
mark.n mark.n.15 mark.n.0
mark.n mark.n.16 mark.n.0
mark.n mark.n.17 mark.n.0
mark.n mark.n.18 mark.n.0
mark.n mark.n.19 mark.n.0
mark.n mark.n.20 mark.n.0
mark.n mark.n.21 mark.n.0
mark.n mark.n.22 mark.n.0
mark.n mark.n.23 mark.n.0
mark.n mark.n.24 mark.n.0
mark.n mark.n.25 mark.n.0
mark.n mark.n.26 mark.n.0
mark.n mark.n.27 mark.n.0
mark.n mark.n.28 mark.n.0
mark.n mark.n.29 mark.n.0
mark.n mark.n.30 mark.n.0
mark.n mark.n.31 mark.n.0
mark.n mark.n.32 mark.n.0
mark.n mark.n.33 mark.n.0
mark.n mark.n.34 mark.n.0
mark.n mark.n.35 mark.n.0
mark.n mark.n.36 mark.n.0
mark.n mark.n.37 mark.n.0
mark.n mark.n.38 mark.n.0
mark.n mark.n.39 mark.n.0
mark.n mark.n.40 mark.n.0
mark.n mark.n.41 mark.n.0
mark.n mark.n.42 mark.n.0
mark.n mark.n.43 mark.n.0
mark.n mark.n.44 mark.n.0
mark.n mark.n.45 mark.n.0
mark.n mark.n.46 mark.n.0
mark.n mark.n.47 mark.n.0
mark.n mark.n.48 mark.n.0
mark.n mark.n.49 mark.n.0
mark.n mark.n.50 mark.n.0
mark.n mark.n.51 mark.n.0
mark.n mark.n.52 mark.n.0
mark.n mark.n.53 mark.n.0
mark.n mark.n.54 mark.n.0
mark.n mark.n.55 mark.n.0
mark.n mark.n.56 mark.n.0
mark.n mark.n.57 mark.n.0
mark.n mark.n.58 mark.n.0
mark.n mark.n.59 mark.n.0
mark.n mark.n.60 mark.n.0
mark.n mark.n.61 mark.n.0
mark.n mark.n.62 mark.n.0
mark.n mark.n.63 mark.n.0
mark.n mark.n.64 mark.n.0
mark.n mark.n.65 mark.n.0
mark.n mark.n.66 mark.n.0
mark.n mark.n.67 mark.n.0
mark.n mark.n.68 mark.n.0
mark.n mark.n.69 mark.n.0
mark.n mark.n.70 mark.n.0
