propose.v propose.v.8 propose.v.C1
propose.v propose.v.21 propose.v.C1
propose.v propose.v.16 propose.v.C1
propose.v propose.v.19 propose.v.C1
propose.v propose.v.46 propose.v.C1
propose.v propose.v.35 propose.v.C1
propose.v propose.v.24 propose.v.C1
propose.v propose.v.44 propose.v.C1
propose.v propose.v.36 propose.v.C1
propose.v propose.v.27 propose.v.C1
propose.v propose.v.23 propose.v.C1
propose.v propose.v.15 propose.v.C1
propose.v propose.v.28 propose.v.C1
propose.v propose.v.14 propose.v.C1
propose.v propose.v.10 propose.v.C1
propose.v propose.v.12 propose.v.C1
propose.v propose.v.41 propose.v.C1
propose.v propose.v.22 propose.v.C1
propose.v propose.v.11 propose.v.C1
propose.v propose.v.17 propose.v.C1
propose.v propose.v.7 propose.v.C1
propose.v propose.v.20 propose.v.C1
propose.v propose.v.40 propose.v.C1
propose.v propose.v.6 propose.v.C1
propose.v propose.v.42 propose.v.C1
propose.v propose.v.13 propose.v.C1
propose.v propose.v.32 propose.v.C1
propose.v propose.v.5 propose.v.C1
propose.v propose.v.3 propose.v.C1
propose.v propose.v.25 propose.v.C1
propose.v propose.v.9 propose.v.C1
propose.v propose.v.38 propose.v.C1
propose.v propose.v.18 propose.v.C1
propose.v propose.v.30 propose.v.C1
propose.v propose.v.4 propose.v.C1
propose.v propose.v.39 propose.v.C1
propose.v propose.v.37 propose.v.C1
propose.v propose.v.26 propose.v.C1
propose.v propose.v.48 propose.v.C1
propose.v propose.v.33 propose.v.C1
propose.v propose.v.43 propose.v.C1
propose.v propose.v.29 propose.v.C1
propose.v propose.v.31 propose.v.C2
propose.v propose.v.47 propose.v.C2
propose.v propose.v.1 propose.v.C2
propose.v propose.v.2 propose.v.C3
propose.v propose.v.45 propose.v.C3
propose.v propose.v.34 propose.v.C4
