mind.n mind.n.1 mind.n.1
mind.n mind.n.2 mind.n.1
mind.n mind.n.3 mind.n.1
mind.n mind.n.4 mind.n.0
mind.n mind.n.5 mind.n.0
mind.n mind.n.6 mind.n.1
mind.n mind.n.7 mind.n.1
mind.n mind.n.8 mind.n.0
mind.n mind.n.9 mind.n.1
mind.n mind.n.10 mind.n.0
mind.n mind.n.11 mind.n.0
mind.n mind.n.12 mind.n.0
mind.n mind.n.13 mind.n.1
mind.n mind.n.14 mind.n.0
mind.n mind.n.15 mind.n.0
mind.n mind.n.16 mind.n.1
mind.n mind.n.17 mind.n.0
mind.n mind.n.18 mind.n.0
mind.n mind.n.19 mind.n.1
mind.n mind.n.20 mind.n.1
mind.n mind.n.21 mind.n.0
mind.n mind.n.22 mind.n.0
mind.n mind.n.23 mind.n.1
mind.n mind.n.24 mind.n.0
mind.n mind.n.25 mind.n.0
mind.n mind.n.26 mind.n.0
mind.n mind.n.27 mind.n.0
mind.n mind.n.28 mind.n.0
mind.n mind.n.29 mind.n.0
mind.n mind.n.30 mind.n.0
mind.n mind.n.31 mind.n.0
mind.n mind.n.32 mind.n.1
mind.n mind.n.33 mind.n.0
mind.n mind.n.34 mind.n.1
mind.n mind.n.35 mind.n.0
mind.n mind.n.36 mind.n.0
mind.n mind.n.37 mind.n.0
mind.n mind.n.38 mind.n.0
mind.n mind.n.39 mind.n.0
mind.n mind.n.40 mind.n.0
mind.n mind.n.41 mind.n.0
mind.n mind.n.42 mind.n.1
mind.n mind.n.43 mind.n.0
mind.n mind.n.44 mind.n.0
mind.n mind.n.45 mind.n.0
mind.n mind.n.46 mind.n.1
mind.n mind.n.47 mind.n.0
mind.n mind.n.48 mind.n.0
mind.n mind.n.49 mind.n.0
mind.n mind.n.50 mind.n.0
mind.n mind.n.51 mind.n.1
mind.n mind.n.52 mind.n.1
mind.n mind.n.53 mind.n.0
mind.n mind.n.54 mind.n.1
mind.n mind.n.55 mind.n.0
mind.n mind.n.56 mind.n.0
mind.n mind.n.57 mind.n.0
mind.n mind.n.58 mind.n.0
mind.n mind.n.59 mind.n.0
mind.n mind.n.60 mind.n.0
mind.n mind.n.61 mind.n.0
mind.n mind.n.62 mind.n.0
mind.n mind.n.63 mind.n.0
mind.n mind.n.64 mind.n.1
mind.n mind.n.65 mind.n.0
mind.n mind.n.66 mind.n.0
mind.n mind.n.67 mind.n.1
mind.n mind.n.68 mind.n.0
mind.n mind.n.69 mind.n.0
mind.n mind.n.70 mind.n.0
mind.n mind.n.71 mind.n.0
mind.n mind.n.72 mind.n.0
mind.n mind.n.73 mind.n.0
mind.n mind.n.74 mind.n.0
mind.n mind.n.75 mind.n.0
mind.n mind.n.76 mind.n.0
mind.n mind.n.77 mind.n.1
mind.n mind.n.78 mind.n.0
mind.n mind.n.79 mind.n.0
mind.n mind.n.80 mind.n.0
mind.n mind.n.81 mind.n.0
mind.n mind.n.82 mind.n.0
mind.n mind.n.83 mind.n.0
mind.n mind.n.84 mind.n.0
mind.n mind.n.85 mind.n.1
mind.n mind.n.86 mind.n.1
mind.n mind.n.87 mind.n.0
mind.n mind.n.88 mind.n.1
mind.n mind.n.89 mind.n.0
mind.n mind.n.90 mind.n.1
mind.n mind.n.91 mind.n.0
mind.n mind.n.92 mind.n.0
mind.n mind.n.93 mind.n.0
mind.n mind.n.94 mind.n.0
mind.n mind.n.95 mind.n.1
mind.n mind.n.96 mind.n.0
mind.n mind.n.97 mind.n.0
mind.n mind.n.98 mind.n.0
mind.n mind.n.99 mind.n.1
mind.n mind.n.100 mind.n.0
mind.n mind.n.101 mind.n.0
mind.n mind.n.102 mind.n.1
mind.n mind.n.103 mind.n.1
mind.n mind.n.104 mind.n.0
mind.n mind.n.105 mind.n.0
mind.n mind.n.106 mind.n.0
mind.n mind.n.107 mind.n.1
mind.n mind.n.108 mind.n.0
mind.n mind.n.109 mind.n.0
mind.n mind.n.110 mind.n.0
mind.n mind.n.111 mind.n.0
