question.v question.v.1 question.v.sense.10
question.v question.v.2 question.v.sense.3
question.v question.v.3 question.v.sense.7
question.v question.v.5 question.v.sense.8
question.v question.v.4 question.v.sense.8
question.v question.v.6 question.v.sense.8
question.v question.v.8 question.v.sense.8
question.v question.v.7 question.v.sense.8
question.v question.v.9 question.v.sense.4
question.v question.v.11 question.v.sense.9
question.v question.v.12 question.v.sense.0
question.v question.v.13 question.v.sense.9
question.v question.v.14 question.v.sense.0
question.v question.v.10 question.v.sense.6
question.v question.v.15 question.v.sense.11
question.v question.v.17 question.v.sense.8
question.v question.v.16 question.v.sense.13
question.v question.v.20 question.v.sense.8
question.v question.v.18 question.v.sense.2
question.v question.v.19 question.v.sense.8
question.v question.v.21 question.v.sense.9
question.v question.v.22 question.v.sense.3
question.v question.v.23 question.v.sense.14
question.v question.v.24 question.v.sense.10
question.v question.v.26 question.v.sense.4
question.v question.v.25 question.v.sense.9
question.v question.v.27 question.v.sense.6
question.v question.v.28 question.v.sense.2
question.v question.v.29 question.v.sense.5
question.v question.v.32 question.v.sense.6
question.v question.v.30 question.v.sense.5
question.v question.v.33 question.v.sense.6
question.v question.v.31 question.v.sense.8
question.v question.v.34 question.v.sense.3
question.v question.v.36 question.v.sense.1
question.v question.v.35 question.v.sense.13
question.v question.v.37 question.v.sense.2
question.v question.v.39 question.v.sense.5
question.v question.v.38 question.v.sense.8
question.v question.v.40 question.v.sense.4
question.v question.v.42 question.v.sense.8
question.v question.v.41 question.v.sense.1
question.v question.v.43 question.v.sense.8
question.v question.v.44 question.v.sense.1
question.v question.v.45 question.v.sense.3
question.v question.v.46 question.v.sense.6
question.v question.v.49 question.v.sense.8
question.v question.v.47 question.v.sense.10
question.v question.v.48 question.v.sense.0
question.v question.v.50 question.v.sense.14
question.v question.v.51 question.v.sense.2
question.v question.v.52 question.v.sense.8
question.v question.v.53 question.v.sense.10
question.v question.v.54 question.v.sense.3
question.v question.v.55 question.v.sense.13
question.v question.v.57 question.v.sense.4
question.v question.v.58 question.v.sense.8
question.v question.v.59 question.v.sense.14
question.v question.v.56 question.v.sense.13
question.v question.v.60 question.v.sense.4
question.v question.v.62 question.v.sense.3
question.v question.v.61 question.v.sense.3
question.v question.v.63 question.v.sense.1
question.v question.v.64 question.v.sense.9
question.v question.v.65 question.v.sense.2
question.v question.v.66 question.v.sense.0
question.v question.v.69 question.v.sense.2
question.v question.v.67 question.v.sense.10
question.v question.v.68 question.v.sense.8
question.v question.v.70 question.v.sense.8
question.v question.v.71 question.v.sense.3
question.v question.v.72 question.v.sense.1
question.v question.v.73 question.v.sense.3
question.v question.v.75 question.v.sense.4
question.v question.v.74 question.v.sense.11
question.v question.v.76 question.v.sense.6
question.v question.v.78 question.v.sense.8
question.v question.v.77 question.v.sense.6
question.v question.v.79 question.v.sense.6
question.v question.v.81 question.v.sense.4
question.v question.v.80 question.v.sense.8
question.v question.v.82 question.v.sense.12
question.v question.v.83 question.v.sense.3
question.v question.v.84 question.v.sense.6
