swear.v swear.v.6 swear.v.sense.8
swear.v swear.v.7 swear.v.sense.12
swear.v swear.v.16 swear.v.sense.11
swear.v swear.v.22 swear.v.sense.12
swear.v swear.v.23 swear.v.sense.6
swear.v swear.v.17 swear.v.sense.12
swear.v swear.v.27 swear.v.sense.12
swear.v swear.v.28 swear.v.sense.7
swear.v swear.v.24 swear.v.sense.9
swear.v swear.v.32 swear.v.sense.7
swear.v swear.v.33 swear.v.sense.7
swear.v swear.v.34 swear.v.sense.12
swear.v swear.v.35 swear.v.sense.6
swear.v swear.v.39 swear.v.sense.5
swear.v swear.v.43 swear.v.sense.2
swear.v swear.v.38 swear.v.sense.12
