commit.v commit.v.10 @commit@|2/1.0
commit.v commit.v.11 @commit@|2/1.0
commit.v commit.v.12 @commit@|2/1.0
commit.v commit.v.13 @commit@|2/1.0
commit.v commit.v.14 @commit@|2/1.0
commit.v commit.v.15 @commit@|3/1.0
commit.v commit.v.16 @commit@|2/1.0
commit.v commit.v.17 @commit@|2/1.0
commit.v commit.v.18 @commit@|2/1.0
commit.v commit.v.19 @commit@|2/1.0
commit.v commit.v.1 @commit@|2/1.0
commit.v commit.v.20 @commit@|2/1.0
commit.v commit.v.21 @commit@|2/1.0
commit.v commit.v.22 @commit@|2/1.0
commit.v commit.v.23 @commit@|2/1.0
commit.v commit.v.24 @commit@|2/1.0
commit.v commit.v.25 @commit@|2/1.0
commit.v commit.v.26 @commit@|2/1.0
commit.v commit.v.27 @commit@|3/1.0
commit.v commit.v.28 @commit@|2/0.999
commit.v commit.v.29 @commit@|2/0.999
commit.v commit.v.2 @commit@|2/1.0
commit.v commit.v.30 @commit@|2/1.0
commit.v commit.v.31 @commit@|2/1.0
commit.v commit.v.32 @commit@|2/1.0
commit.v commit.v.33 @commit@|2/1.0
commit.v commit.v.34 @commit@|2/1.0
commit.v commit.v.35 @commit@|2/1.0
commit.v commit.v.36 @commit@|2/1.0
commit.v commit.v.37 @commit@|2/0.999
commit.v commit.v.38 @commit@|2/1.0
commit.v commit.v.39 @commit@|2/1.0
commit.v commit.v.3 @commit@|2/1.0
commit.v commit.v.40 @commit@|2/1.0
commit.v commit.v.41 @commit@|2/1.0
commit.v commit.v.42 @commit@|2/1.0
commit.v commit.v.43 @commit@|2/1.0
commit.v commit.v.44 @commit@|2/1.0
commit.v commit.v.45 @commit@|2/1.0
commit.v commit.v.46 @commit@|2/1.0
commit.v commit.v.47 @commit@|2/1.0
commit.v commit.v.48 @commit@|2/1.0
commit.v commit.v.49 @commit@|2/1.0
commit.v commit.v.4 @commit@|2/1.0
commit.v commit.v.50 @commit@|2/1.0
commit.v commit.v.51 @commit@|2/1.0
commit.v commit.v.52 @commit@|2/1.0
commit.v commit.v.53 @commit@|2/1.0
commit.v commit.v.54 @commit@|2/1.0
commit.v commit.v.55 @commit@|2/1.0
commit.v commit.v.56 @commit@|2/1.0
commit.v commit.v.57 @commit@|2/1.0
commit.v commit.v.58 @commit@|2/1.0
commit.v commit.v.59 @commit@|2/1.0
commit.v commit.v.5 @commit@|2/1.0
commit.v commit.v.60 @commit@|2/0.999
commit.v commit.v.61 @commit@|2/1.0
commit.v commit.v.62 @commit@|2/1.0
commit.v commit.v.63 @commit@|2/1.0
commit.v commit.v.6 @commit@|2/1.0
commit.v commit.v.7 @commit@|2/1.0
commit.v commit.v.8 @commit@|2/1.0
commit.v commit.v.9 @commit@|3/1.0
