pour.v pour.v.10 @pour@|2/1.0
pour.v pour.v.11 @pour@|2/1.0
pour.v pour.v.12 @pour@|2/1.0
pour.v pour.v.13 @pour@|2/1.0
pour.v pour.v.14 @pour@|2/1.0
pour.v pour.v.15 @pour@|2/1.0
pour.v pour.v.16 @pour@|2/1.0
pour.v pour.v.17 @pour@|2/1.0
pour.v pour.v.18 @pour@|2/1.0
pour.v pour.v.19 @pour@|2/1.0
pour.v pour.v.1 @pour@|2/1.0
pour.v pour.v.20 @pour@|2/1.0
pour.v pour.v.21 @pour@|2/1.0
pour.v pour.v.22 @pour@|2/1.0
pour.v pour.v.23 @pour@|2/1.0
pour.v pour.v.24 @pour@|2/1.0
pour.v pour.v.25 @pour@|2/1.0
pour.v pour.v.26 @pour@|2/1.0
pour.v pour.v.27 @pour@|2/1.0
pour.v pour.v.28 @pour@|2/1.0
pour.v pour.v.29 @pour@|2/1.0
pour.v pour.v.2 @pour@|2/1.0
pour.v pour.v.30 @pour@|2/1.0
pour.v pour.v.31 @pour@|2/1.0
pour.v pour.v.32 @pour@|2/1.0
pour.v pour.v.33 @pour@|2/1.0
pour.v pour.v.34 @pour@|2/1.0
pour.v pour.v.35 @pour@|2/1.0
pour.v pour.v.36 @pour@|2/1.0
pour.v pour.v.37 @pour@|2/1.0
pour.v pour.v.38 @pour@|2/1.0
pour.v pour.v.39 @pour@|2/1.0
pour.v pour.v.3 @pour@|2/1.0
pour.v pour.v.40 @pour@|2/1.0
pour.v pour.v.41 @pour@|2/1.0
pour.v pour.v.42 @pour@|2/1.0
pour.v pour.v.43 @pour@|2/1.0
pour.v pour.v.44 @pour@|2/1.0
pour.v pour.v.45 @pour@|2/1.0
pour.v pour.v.46 @pour@|2/1.0
pour.v pour.v.47 @pour@|2/1.0
pour.v pour.v.48 @pour@|2/1.0
pour.v pour.v.49 @pour@|2/1.0
pour.v pour.v.4 @pour@|2/1.0
pour.v pour.v.50 @pour@|2/1.0
pour.v pour.v.5 @pour@|2/1.0
pour.v pour.v.6 @pour@|2/1.0
pour.v pour.v.7 @pour@|2/1.0
pour.v pour.v.8 @pour@|2/1.0
pour.v pour.v.9 @pour@|2/1.0
