gap.n gap.n.1 C_0
gap.n gap.n.6 C_0
gap.n gap.n.11 C_0
gap.n gap.n.12 C_0
gap.n gap.n.19 C_0
gap.n gap.n.20 C_0
gap.n gap.n.22 C_0
gap.n gap.n.25 C_0
gap.n gap.n.37 C_0
gap.n gap.n.38 C_0
gap.n gap.n.42 C_0
gap.n gap.n.45 C_0
gap.n gap.n.46 C_0
gap.n gap.n.47 C_0
gap.n gap.n.48 C_0
gap.n gap.n.51 C_1
gap.n gap.n.4 C_2
gap.n gap.n.35 C_3
gap.n gap.n.16 C_4
gap.n gap.n.21 C_5
gap.n gap.n.28 C_6
gap.n gap.n.3 C_7
gap.n gap.n.43 C_8
gap.n gap.n.23 C_9
gap.n gap.n.27 C_10
gap.n gap.n.33 C_11
gap.n gap.n.34 C_11
gap.n gap.n.40 C_12
gap.n gap.n.41 C_12
gap.n gap.n.18 C_13
gap.n gap.n.29 C_14
gap.n gap.n.10 C_15
gap.n gap.n.49 C_15
gap.n gap.n.50 C_15
gap.n gap.n.2 C_16
gap.n gap.n.7 C_16
gap.n gap.n.14 C_16
gap.n gap.n.17 C_16
gap.n gap.n.31 C_16
gap.n gap.n.26 C_17
gap.n gap.n.44 C_17
gap.n gap.n.5 C_18
gap.n gap.n.30 C_18
gap.n gap.n.9 C_19
gap.n gap.n.24 C_19
gap.n gap.n.39 C_19
gap.n gap.n.32 C_20
gap.n gap.n.8 C_21
gap.n gap.n.13 C_21
gap.n gap.n.36 C_21
gap.n gap.n.15 C_22
