house.n house.n.1 C_0
house.n house.n.59 C_0
house.n house.n.89 C_0
house.n house.n.97 C_0
house.n house.n.139 C_0
house.n house.n.160 C_0
house.n house.n.60 C_1
house.n house.n.57 C_2
house.n house.n.36 C_3
house.n house.n.37 C_3
house.n house.n.38 C_3
house.n house.n.10 C_4
house.n house.n.23 C_5
house.n house.n.64 C_5
house.n house.n.85 C_5
house.n house.n.2 C_6
house.n house.n.3 C_6
house.n house.n.4 C_6
house.n house.n.12 C_6
house.n house.n.24 C_7
house.n house.n.67 C_7
house.n house.n.68 C_7
house.n house.n.117 C_7
house.n house.n.152 C_8
house.n house.n.7 C_9
house.n house.n.27 C_10
house.n house.n.77 C_10
house.n house.n.87 C_10
house.n house.n.128 C_10
house.n house.n.129 C_10
house.n house.n.91 C_11
house.n house.n.120 C_12
house.n house.n.121 C_12
house.n house.n.134 C_12
house.n house.n.142 C_12
house.n house.n.6 C_13
house.n house.n.9 C_13
house.n house.n.11 C_14
house.n house.n.15 C_14
house.n house.n.25 C_14
house.n house.n.41 C_14
house.n house.n.50 C_14
house.n house.n.51 C_14
house.n house.n.69 C_14
house.n house.n.83 C_14
house.n house.n.92 C_14
house.n house.n.113 C_14
house.n house.n.116 C_14
house.n house.n.118 C_14
house.n house.n.145 C_14
house.n house.n.147 C_14
house.n house.n.148 C_14
house.n house.n.149 C_14
house.n house.n.156 C_14
house.n house.n.17 C_15
house.n house.n.26 C_15
house.n house.n.29 C_15
house.n house.n.31 C_15
house.n house.n.47 C_15
house.n house.n.66 C_15
house.n house.n.72 C_15
house.n house.n.81 C_15
house.n house.n.86 C_15
house.n house.n.90 C_15
house.n house.n.93 C_15
house.n house.n.96 C_15
house.n house.n.103 C_15
house.n house.n.107 C_15
house.n house.n.108 C_15
house.n house.n.109 C_15
house.n house.n.112 C_15
house.n house.n.115 C_15
house.n house.n.122 C_15
house.n house.n.130 C_15
house.n house.n.131 C_15
house.n house.n.32 C_16
house.n house.n.70 C_16
house.n house.n.155 C_16
house.n house.n.45 C_17
house.n house.n.48 C_17
house.n house.n.78 C_17
house.n house.n.119 C_17
house.n house.n.136 C_17
house.n house.n.143 C_17
house.n house.n.157 C_17
house.n house.n.158 C_17
house.n house.n.5 C_18
house.n house.n.8 C_18
house.n house.n.16 C_18
house.n house.n.18 C_18
house.n house.n.19 C_18
house.n house.n.28 C_18
house.n house.n.33 C_18
house.n house.n.40 C_18
house.n house.n.44 C_18
house.n house.n.46 C_18
house.n house.n.49 C_18
house.n house.n.52 C_18
house.n house.n.53 C_18
house.n house.n.54 C_18
house.n house.n.56 C_18
house.n house.n.58 C_18
house.n house.n.62 C_18
house.n house.n.75 C_18
house.n house.n.76 C_18
house.n house.n.80 C_18
house.n house.n.84 C_18
house.n house.n.94 C_18
house.n house.n.99 C_18
house.n house.n.100 C_18
house.n house.n.101 C_18
house.n house.n.102 C_18
house.n house.n.104 C_18
house.n house.n.106 C_18
house.n house.n.110 C_18
house.n house.n.111 C_18
house.n house.n.123 C_18
house.n house.n.124 C_18
house.n house.n.132 C_18
house.n house.n.135 C_18
house.n house.n.141 C_18
house.n house.n.144 C_18
house.n house.n.150 C_18
house.n house.n.153 C_18
house.n house.n.161 C_18
house.n house.n.162 C_18
house.n house.n.42 C_19
house.n house.n.63 C_19
house.n house.n.88 C_19
house.n house.n.34 C_20
house.n house.n.35 C_20
house.n house.n.43 C_20
house.n house.n.55 C_20
house.n house.n.98 C_20
house.n house.n.105 C_20
house.n house.n.114 C_20
house.n house.n.125 C_20
house.n house.n.137 C_20
house.n house.n.138 C_20
house.n house.n.146 C_20
house.n house.n.151 C_20
house.n house.n.159 C_20
house.n house.n.13 C_21
house.n house.n.22 C_21
house.n house.n.39 C_21
house.n house.n.61 C_21
house.n house.n.65 C_21
house.n house.n.71 C_21
house.n house.n.73 C_21
house.n house.n.74 C_21
house.n house.n.79 C_21
house.n house.n.82 C_21
house.n house.n.95 C_21
house.n house.n.126 C_21
house.n house.n.127 C_21
house.n house.n.133 C_21
house.n house.n.140 C_21
house.n house.n.14 C_22
house.n house.n.20 C_22
house.n house.n.21 C_22
house.n house.n.30 C_22
house.n house.n.154 C_22
