pursue.v pursue.v.10 @pursue@|4/1.0
pursue.v pursue.v.11 @pursue@|3/1.0
pursue.v pursue.v.12 @pursue@|4/0.999
pursue.v pursue.v.13 @pursue@|3/1.0
pursue.v pursue.v.14 @pursue@|2/1.0
pursue.v pursue.v.15 @pursue@|4/1.0
pursue.v pursue.v.16 @pursue@|2/1.0
pursue.v pursue.v.17 @pursue@|4/1.0
pursue.v pursue.v.18 @pursue@|1/1.0
pursue.v pursue.v.19 @pursue@|4/1.0
pursue.v pursue.v.1 @pursue@|4/1.0
pursue.v pursue.v.20 @pursue@|4/1.0
pursue.v pursue.v.21 @pursue@|4/1.0
pursue.v pursue.v.22 @pursue@|4/1.0
pursue.v pursue.v.23 @pursue@|4/1.0
pursue.v pursue.v.24 @pursue@|3/1.0
pursue.v pursue.v.25 @pursue@|4/1.0
pursue.v pursue.v.26 @pursue@|4/1.0
pursue.v pursue.v.27 @pursue@|0/1.0
pursue.v pursue.v.28 @pursue@|4/1.0
pursue.v pursue.v.29 @pursue@|4/1.0
pursue.v pursue.v.2 @pursue@|2/1.0
pursue.v pursue.v.30 @pursue@|3/1.0
pursue.v pursue.v.31 @pursue@|2/1.0
pursue.v pursue.v.32 @pursue@|4/1.0
pursue.v pursue.v.33 @pursue@|3/1.0
pursue.v pursue.v.34 @pursue@|4/1.0
pursue.v pursue.v.35 @pursue@|0/1.0
pursue.v pursue.v.36 @pursue@|4/1.0
pursue.v pursue.v.37 @pursue@|4/1.0
pursue.v pursue.v.38 @pursue@|4/1.0
pursue.v pursue.v.39 @pursue@|3/1.0
pursue.v pursue.v.3 @pursue@|4/1.0
pursue.v pursue.v.40 @pursue@|4/1.0
pursue.v pursue.v.41 @pursue@|4/1.0
pursue.v pursue.v.42 @pursue@|3/1.0
pursue.v pursue.v.43 @pursue@|4/1.0
pursue.v pursue.v.44 @pursue@|1/1.0
pursue.v pursue.v.45 @pursue@|4/1.0
pursue.v pursue.v.46 @pursue@|4/1.0
pursue.v pursue.v.47 @pursue@|4/1.0
pursue.v pursue.v.48 @pursue@|3/1.0
pursue.v pursue.v.49 @pursue@|4/1.0
pursue.v pursue.v.4 @pursue@|0/1.0
pursue.v pursue.v.50 @pursue@|4/1.0
pursue.v pursue.v.51 @pursue@|0/1.0
pursue.v pursue.v.52 @pursue@|4/1.0
pursue.v pursue.v.53 @pursue@|0/1.0
pursue.v pursue.v.54 @pursue@|4/1.0
pursue.v pursue.v.55 @pursue@|4/1.0
pursue.v pursue.v.56 @pursue@|4/1.0
pursue.v pursue.v.57 @pursue@|4/1.0
pursue.v pursue.v.58 @pursue@|4/1.0
pursue.v pursue.v.59 @pursue@|4/1.0
pursue.v pursue.v.5 @pursue@|4/1.0
pursue.v pursue.v.60 @pursue@|4/1.0
pursue.v pursue.v.61 @pursue@|4/1.0
pursue.v pursue.v.62 @pursue@|4/0.999
pursue.v pursue.v.63 @pursue@|4/1.0
pursue.v pursue.v.64 @pursue@|3/1.0
pursue.v pursue.v.65 @pursue@|4/1.0
pursue.v pursue.v.66 @pursue@|4/1.0
pursue.v pursue.v.67 @pursue@|4/1.0
pursue.v pursue.v.68 @pursue@|4/1.0
pursue.v pursue.v.69 @pursue@|4/1.0
pursue.v pursue.v.6 @pursue@|4/1.0
pursue.v pursue.v.70 @pursue@|4/1.0
pursue.v pursue.v.7 @pursue@|4/1.0
pursue.v pursue.v.8 @pursue@|3/1.0
pursue.v pursue.v.9 @pursue@|0/1.0
