rally.n rally.n.10 @rally@|3/0.999
rally.n rally.n.11 @rally@|1/1.0
rally.n rally.n.12 @rally@|3/1.0
rally.n rally.n.13 @rally@|3/1.0
rally.n rally.n.14 @rally@|3/1.0
rally.n rally.n.15 @rally@|2/1.0
rally.n rally.n.16 @rally@|3/1.0
rally.n rally.n.17 @rally@|3/1.0
rally.n rally.n.18 @rally@|3/1.0
rally.n rally.n.19 @rally@|3/1.0
rally.n rally.n.1 @rally@|3/1.0
rally.n rally.n.20 @rally@|3/1.0
rally.n rally.n.21 @rally@|3/1.0
rally.n rally.n.22 @rally@|3/1.0
rally.n rally.n.23 @rally@|3/1.0
rally.n rally.n.24 @rally@|3/1.0
rally.n rally.n.25 @rally@|3/1.0
rally.n rally.n.26 @rally@|3/1.0
rally.n rally.n.27 @rally@|3/1.0
rally.n rally.n.28 @rally@|3/1.0
rally.n rally.n.29 @rally@|3/1.0
rally.n rally.n.2 @rally@|3/1.0
rally.n rally.n.30 @rally@|3/1.0
rally.n rally.n.31 @rally@|3/0.999
rally.n rally.n.32 @rally@|3/1.0
rally.n rally.n.33 @rally@|3/1.0
rally.n rally.n.34 @rally@|3/1.0
rally.n rally.n.35 @rally@|3/1.0
rally.n rally.n.36 @rally@|3/1.0
rally.n rally.n.37 @rally@|3/1.0
rally.n rally.n.38 @rally@|3/1.0
rally.n rally.n.39 @rally@|3/1.0
rally.n rally.n.3 @rally@|3/1.0
rally.n rally.n.40 @rally@|3/1.0
rally.n rally.n.41 @rally@|3/0.999
rally.n rally.n.42 @rally@|3/1.0
rally.n rally.n.43 @rally@|3/1.0
rally.n rally.n.44 @rally@|3/1.0
rally.n rally.n.45 @rally@|3/1.0
rally.n rally.n.46 @rally@|3/1.0
rally.n rally.n.4 @rally@|3/1.0
rally.n rally.n.5 @rally@|3/1.0
rally.n rally.n.6 @rally@|3/1.0
rally.n rally.n.7 @rally@|3/1.0
rally.n rally.n.8 @rally@|3/1.0
rally.n rally.n.9 @rally@|3/1.0
