care.v care.v.10 care.v.C0
care.v care.v.8 care.v.C0
care.v care.v.6 care.v.C0
care.v care.v.26 care.v.C0
care.v care.v.21 care.v.C0
care.v care.v.33 care.v.C0
care.v care.v.9 care.v.C0
care.v care.v.74 care.v.C0
care.v care.v.76 care.v.C0
care.v care.v.22 care.v.C0
care.v care.v.31 care.v.C0
care.v care.v.65 care.v.C0
care.v care.v.23 care.v.C0
care.v care.v.53 care.v.C0
care.v care.v.18 care.v.C0
care.v care.v.57 care.v.C0
care.v care.v.41 care.v.C0
care.v care.v.16 care.v.C0
care.v care.v.5 care.v.C0
care.v care.v.62 care.v.C0
care.v care.v.11 care.v.C0
care.v care.v.71 care.v.C0
care.v care.v.19 care.v.C0
care.v care.v.38 care.v.C0
care.v care.v.3 care.v.C0
care.v care.v.67 care.v.C0
care.v care.v.4 care.v.C0
care.v care.v.50 care.v.C0
care.v care.v.69 care.v.C0
care.v care.v.72 care.v.C0
care.v care.v.49 care.v.C0
care.v care.v.75 care.v.C0
care.v care.v.52 care.v.C0
care.v care.v.39 care.v.C0
care.v care.v.20 care.v.C0
care.v care.v.12 care.v.C0
care.v care.v.64 care.v.C0
care.v care.v.51 care.v.C0
care.v care.v.70 care.v.C0
care.v care.v.73 care.v.C0
care.v care.v.47 care.v.C0
care.v care.v.13 care.v.C0
care.v care.v.29 care.v.C0
care.v care.v.14 care.v.C0
care.v care.v.24 care.v.C0
care.v care.v.43 care.v.C0
care.v care.v.32 care.v.C0
care.v care.v.55 care.v.C0
care.v care.v.68 care.v.C0
care.v care.v.60 care.v.C0
care.v care.v.30 care.v.C0
care.v care.v.63 care.v.C0
care.v care.v.37 care.v.C0
care.v care.v.40 care.v.C0
care.v care.v.54 care.v.C0
care.v care.v.61 care.v.C0
care.v care.v.56 care.v.C0
care.v care.v.35 care.v.C0
care.v care.v.17 care.v.C0
care.v care.v.59 care.v.C0
care.v care.v.45 care.v.C0
care.v care.v.7 care.v.C0
care.v care.v.27 care.v.C0
care.v care.v.28 care.v.C0
care.v care.v.25 care.v.C0
care.v care.v.46 care.v.C0
care.v care.v.1 care.v.C0
care.v care.v.15 care.v.C0
care.v care.v.48 care.v.C0
care.v care.v.34 care.v.C0
care.v care.v.42 care.v.C0
care.v care.v.36 care.v.C0
care.v care.v.58 care.v.C0
care.v care.v.66 care.v.C0
care.v care.v.44 care.v.C0
care.v care.v.2 care.v.C0
