enjoy.v enjoy.v.54 enjoy.v.C3
enjoy.v enjoy.v.18 enjoy.v.C4
enjoy.v enjoy.v.58 enjoy.v.C3
enjoy.v enjoy.v.49 enjoy.v.C2
enjoy.v enjoy.v.14 enjoy.v.C2
enjoy.v enjoy.v.4 enjoy.v.C1
enjoy.v enjoy.v.59 enjoy.v.C1
enjoy.v enjoy.v.27 enjoy.v.C3
enjoy.v enjoy.v.23 enjoy.v.C2
enjoy.v enjoy.v.28 enjoy.v.C2
enjoy.v enjoy.v.12 enjoy.v.C4
enjoy.v enjoy.v.2 enjoy.v.C3
enjoy.v enjoy.v.24 enjoy.v.C3
enjoy.v enjoy.v.13 enjoy.v.C3
enjoy.v enjoy.v.52 enjoy.v.C4
enjoy.v enjoy.v.1 enjoy.v.C2
enjoy.v enjoy.v.32 enjoy.v.C1
enjoy.v enjoy.v.20 enjoy.v.C1
enjoy.v enjoy.v.11 enjoy.v.C1
enjoy.v enjoy.v.17 enjoy.v.C2
enjoy.v enjoy.v.61 enjoy.v.C3
enjoy.v enjoy.v.63 enjoy.v.C2
enjoy.v enjoy.v.30 enjoy.v.C4
enjoy.v enjoy.v.38 enjoy.v.C4
enjoy.v enjoy.v.7 enjoy.v.C2
enjoy.v enjoy.v.45 enjoy.v.C4
enjoy.v enjoy.v.33 enjoy.v.C1
enjoy.v enjoy.v.70 enjoy.v.C1
enjoy.v enjoy.v.44 enjoy.v.C4
enjoy.v enjoy.v.31 enjoy.v.C1
enjoy.v enjoy.v.51 enjoy.v.C1
enjoy.v enjoy.v.29 enjoy.v.C1
enjoy.v enjoy.v.67 enjoy.v.C1
enjoy.v enjoy.v.37 enjoy.v.C4
enjoy.v enjoy.v.66 enjoy.v.C1
enjoy.v enjoy.v.3 enjoy.v.C2
enjoy.v enjoy.v.53 enjoy.v.C4
enjoy.v enjoy.v.69 enjoy.v.C3
enjoy.v enjoy.v.57 enjoy.v.C2
enjoy.v enjoy.v.41 enjoy.v.C3
enjoy.v enjoy.v.10 enjoy.v.C4
enjoy.v enjoy.v.68 enjoy.v.C1
enjoy.v enjoy.v.47 enjoy.v.C4
enjoy.v enjoy.v.62 enjoy.v.C3
enjoy.v enjoy.v.50 enjoy.v.C2
enjoy.v enjoy.v.15 enjoy.v.C3
enjoy.v enjoy.v.48 enjoy.v.C3
enjoy.v enjoy.v.16 enjoy.v.C2
enjoy.v enjoy.v.21 enjoy.v.C2
enjoy.v enjoy.v.9 enjoy.v.C2
enjoy.v enjoy.v.40 enjoy.v.C4
enjoy.v enjoy.v.8 enjoy.v.C2
enjoy.v enjoy.v.34 enjoy.v.C1
enjoy.v enjoy.v.25 enjoy.v.C3
enjoy.v enjoy.v.55 enjoy.v.C3
enjoy.v enjoy.v.42 enjoy.v.C2
enjoy.v enjoy.v.19 enjoy.v.C2
enjoy.v enjoy.v.56 enjoy.v.C1
enjoy.v enjoy.v.39 enjoy.v.C4
enjoy.v enjoy.v.65 enjoy.v.C3
enjoy.v enjoy.v.43 enjoy.v.C2
enjoy.v enjoy.v.46 enjoy.v.C4
enjoy.v enjoy.v.6 enjoy.v.C2
enjoy.v enjoy.v.60 enjoy.v.C3
enjoy.v enjoy.v.36 enjoy.v.C3
enjoy.v enjoy.v.22 enjoy.v.C4
enjoy.v enjoy.v.5 enjoy.v.C1
enjoy.v enjoy.v.35 enjoy.v.C1
enjoy.v enjoy.v.26 enjoy.v.C3
enjoy.v enjoy.v.64 enjoy.v.C1
