position.n position.n.288 position.n.C2
position.n position.n.123 position.n.C3
position.n position.n.223 position.n.C2
position.n position.n.41 position.n.C3
position.n position.n.283 position.n.C1
position.n position.n.70 position.n.C3
position.n position.n.311 position.n.C2
position.n position.n.301 position.n.C3
position.n position.n.98 position.n.C3
position.n position.n.23 position.n.C3
position.n position.n.17 position.n.C1
position.n position.n.293 position.n.C2
position.n position.n.287 position.n.C3
position.n position.n.85 position.n.C3
position.n position.n.50 position.n.C1
position.n position.n.117 position.n.C3
position.n position.n.265 position.n.C2
position.n position.n.128 position.n.C2
position.n position.n.121 position.n.C3
position.n position.n.213 position.n.C2
position.n position.n.214 position.n.C1
position.n position.n.71 position.n.C3
position.n position.n.57 position.n.C3
position.n position.n.152 position.n.C2
position.n position.n.109 position.n.C3
position.n position.n.206 position.n.C3
position.n position.n.244 position.n.C2
position.n position.n.230 position.n.C1
position.n position.n.87 position.n.C3
position.n position.n.209 position.n.C2
position.n position.n.33 position.n.C1
position.n position.n.116 position.n.C3
position.n position.n.73 position.n.C1
position.n position.n.241 position.n.C1
position.n position.n.217 position.n.C1
position.n position.n.25 position.n.C1
position.n position.n.67 position.n.C1
position.n position.n.76 position.n.C2
position.n position.n.114 position.n.C1
position.n position.n.75 position.n.C3
position.n position.n.42 position.n.C3
position.n position.n.229 position.n.C1
position.n position.n.208 position.n.C3
position.n position.n.157 position.n.C1
position.n position.n.8 position.n.C2
position.n position.n.211 position.n.C2
position.n position.n.38 position.n.C1
position.n position.n.180 position.n.C3
position.n position.n.82 position.n.C2
position.n position.n.53 position.n.C1
position.n position.n.156 position.n.C1
position.n position.n.279 position.n.C3
position.n position.n.31 position.n.C2
position.n position.n.149 position.n.C3
position.n position.n.176 position.n.C2
position.n position.n.232 position.n.C1
position.n position.n.62 position.n.C2
position.n position.n.194 position.n.C3
position.n position.n.94 position.n.C1
position.n position.n.34 position.n.C3
position.n position.n.222 position.n.C3
position.n position.n.220 position.n.C1
position.n position.n.150 position.n.C3
position.n position.n.140 position.n.C2
position.n position.n.256 position.n.C1
position.n position.n.227 position.n.C1
position.n position.n.242 position.n.C2
position.n position.n.158 position.n.C1
position.n position.n.118 position.n.C2
position.n position.n.200 position.n.C1
position.n position.n.74 position.n.C2
position.n position.n.28 position.n.C1
position.n position.n.119 position.n.C1
position.n position.n.103 position.n.C2
position.n position.n.192 position.n.C2
position.n position.n.49 position.n.C3
position.n position.n.266 position.n.C1
position.n position.n.271 position.n.C1
position.n position.n.18 position.n.C2
position.n position.n.205 position.n.C1
position.n position.n.35 position.n.C1
position.n position.n.178 position.n.C2
position.n position.n.216 position.n.C3
position.n position.n.89 position.n.C3
position.n position.n.262 position.n.C3
position.n position.n.245 position.n.C2
position.n position.n.252 position.n.C1
position.n position.n.39 position.n.C1
position.n position.n.172 position.n.C3
position.n position.n.99 position.n.C3
position.n position.n.9 position.n.C2
position.n position.n.95 position.n.C3
position.n position.n.19 position.n.C2
position.n position.n.187 position.n.C1
position.n position.n.11 position.n.C1
position.n position.n.307 position.n.C2
position.n position.n.15 position.n.C3
position.n position.n.278 position.n.C3
position.n position.n.309 position.n.C3
position.n position.n.137 position.n.C2
position.n position.n.168 position.n.C1
position.n position.n.177 position.n.C3
position.n position.n.142 position.n.C1
position.n position.n.258 position.n.C1
position.n position.n.169 position.n.C3
position.n position.n.207 position.n.C3
position.n position.n.198 position.n.C1
position.n position.n.240 position.n.C2
position.n position.n.199 position.n.C3
position.n position.n.90 position.n.C3
position.n position.n.248 position.n.C1
position.n position.n.72 position.n.C2
position.n position.n.257 position.n.C1
position.n position.n.146 position.n.C2
position.n position.n.173 position.n.C2
position.n position.n.127 position.n.C2
position.n position.n.218 position.n.C2
position.n position.n.289 position.n.C2
position.n position.n.237 position.n.C3
position.n position.n.86 position.n.C3
position.n position.n.263 position.n.C3
position.n position.n.276 position.n.C3
position.n position.n.295 position.n.C2
position.n position.n.204 position.n.C3
position.n position.n.63 position.n.C2
position.n position.n.249 position.n.C2
position.n position.n.112 position.n.C1
position.n position.n.111 position.n.C2
position.n position.n.83 position.n.C1
position.n position.n.153 position.n.C2
position.n position.n.224 position.n.C1
position.n position.n.77 position.n.C2
position.n position.n.16 position.n.C3
position.n position.n.236 position.n.C2
position.n position.n.275 position.n.C3
position.n position.n.202 position.n.C2
position.n position.n.148 position.n.C2
position.n position.n.5 position.n.C1
position.n position.n.165 position.n.C1
position.n position.n.124 position.n.C3
position.n position.n.138 position.n.C2
position.n position.n.43 position.n.C3
position.n position.n.135 position.n.C2
position.n position.n.81 position.n.C2
position.n position.n.313 position.n.C2
position.n position.n.308 position.n.C3
position.n position.n.281 position.n.C2
position.n position.n.32 position.n.C3
position.n position.n.139 position.n.C2
position.n position.n.110 position.n.C2
position.n position.n.174 position.n.C2
position.n position.n.212 position.n.C2
position.n position.n.274 position.n.C3
position.n position.n.246 position.n.C3
position.n position.n.80 position.n.C2
position.n position.n.143 position.n.C2
position.n position.n.273 position.n.C3
position.n position.n.20 position.n.C1
position.n position.n.161 position.n.C3
position.n position.n.4 position.n.C2
position.n position.n.154 position.n.C1
position.n position.n.10 position.n.C3
position.n position.n.93 position.n.C1
position.n position.n.235 position.n.C1
position.n position.n.221 position.n.C1
position.n position.n.101 position.n.C3
position.n position.n.7 position.n.C3
position.n position.n.84 position.n.C1
position.n position.n.292 position.n.C3
position.n position.n.167 position.n.C2
position.n position.n.193 position.n.C3
position.n position.n.233 position.n.C1
position.n position.n.181 position.n.C2
position.n position.n.133 position.n.C3
position.n position.n.47 position.n.C1
position.n position.n.310 position.n.C3
position.n position.n.160 position.n.C1
position.n position.n.239 position.n.C2
position.n position.n.29 position.n.C3
position.n position.n.170 position.n.C3
position.n position.n.290 position.n.C2
position.n position.n.88 position.n.C1
position.n position.n.234 position.n.C1
position.n position.n.69 position.n.C3
position.n position.n.66 position.n.C3
position.n position.n.2 position.n.C1
position.n position.n.300 position.n.C3
position.n position.n.183 position.n.C2
position.n position.n.186 position.n.C1
position.n position.n.215 position.n.C3
position.n position.n.225 position.n.C2
position.n position.n.21 position.n.C1
position.n position.n.132 position.n.C3
position.n position.n.27 position.n.C2
position.n position.n.164 position.n.C3
position.n position.n.298 position.n.C2
position.n position.n.175 position.n.C2
position.n position.n.14 position.n.C2
position.n position.n.254 position.n.C1
position.n position.n.51 position.n.C3
position.n position.n.184 position.n.C2
position.n position.n.30 position.n.C2
position.n position.n.191 position.n.C2
position.n position.n.48 position.n.C1
position.n position.n.144 position.n.C2
position.n position.n.113 position.n.C3
position.n position.n.297 position.n.C3
position.n position.n.253 position.n.C1
position.n position.n.141 position.n.C2
position.n position.n.247 position.n.C1
position.n position.n.79 position.n.C2
position.n position.n.96 position.n.C3
position.n position.n.26 position.n.C2
position.n position.n.130 position.n.C2
position.n position.n.277 position.n.C3
position.n position.n.268 position.n.C3
position.n position.n.106 position.n.C2
position.n position.n.40 position.n.C3
position.n position.n.255 position.n.C1
position.n position.n.55 position.n.C2
position.n position.n.92 position.n.C1
position.n position.n.105 position.n.C1
position.n position.n.64 position.n.C3
position.n position.n.250 position.n.C3
position.n position.n.171 position.n.C3
position.n position.n.299 position.n.C2
position.n position.n.303 position.n.C2
position.n position.n.302 position.n.C2
position.n position.n.125 position.n.C2
position.n position.n.155 position.n.C2
position.n position.n.296 position.n.C3
position.n position.n.107 position.n.C3
position.n position.n.219 position.n.C1
position.n position.n.272 position.n.C2
position.n position.n.261 position.n.C2
position.n position.n.136 position.n.C2
position.n position.n.45 position.n.C3
position.n position.n.306 position.n.C2
position.n position.n.259 position.n.C2
position.n position.n.102 position.n.C3
position.n position.n.163 position.n.C3
position.n position.n.24 position.n.C3
position.n position.n.1 position.n.C2
position.n position.n.243 position.n.C2
position.n position.n.97 position.n.C3
position.n position.n.264 position.n.C2
position.n position.n.188 position.n.C1
position.n position.n.189 position.n.C2
position.n position.n.166 position.n.C3
position.n position.n.22 position.n.C1
position.n position.n.3 position.n.C2
position.n position.n.115 position.n.C3
position.n position.n.65 position.n.C2
position.n position.n.280 position.n.C2
position.n position.n.36 position.n.C2
position.n position.n.179 position.n.C2
position.n position.n.196 position.n.C3
position.n position.n.269 position.n.C2
position.n position.n.58 position.n.C2
position.n position.n.145 position.n.C2
position.n position.n.59 position.n.C2
position.n position.n.126 position.n.C2
position.n position.n.60 position.n.C2
position.n position.n.131 position.n.C3
position.n position.n.134 position.n.C3
position.n position.n.100 position.n.C3
position.n position.n.270 position.n.C1
position.n position.n.286 position.n.C3
position.n position.n.37 position.n.C2
position.n position.n.195 position.n.C3
position.n position.n.197 position.n.C3
position.n position.n.305 position.n.C2
position.n position.n.238 position.n.C3
position.n position.n.68 position.n.C3
position.n position.n.304 position.n.C3
position.n position.n.162 position.n.C2
position.n position.n.226 position.n.C2
position.n position.n.260 position.n.C1
position.n position.n.185 position.n.C1
position.n position.n.284 position.n.C2
position.n position.n.312 position.n.C2
position.n position.n.129 position.n.C1
position.n position.n.6 position.n.C3
position.n position.n.44 position.n.C1
position.n position.n.61 position.n.C3
position.n position.n.104 position.n.C1
position.n position.n.228 position.n.C1
position.n position.n.91 position.n.C3
position.n position.n.46 position.n.C1
position.n position.n.285 position.n.C1
position.n position.n.78 position.n.C2
position.n position.n.151 position.n.C1
position.n position.n.201 position.n.C2
position.n position.n.52 position.n.C2
position.n position.n.267 position.n.C2
position.n position.n.54 position.n.C2
position.n position.n.122 position.n.C1
position.n position.n.282 position.n.C2
position.n position.n.147 position.n.C3
position.n position.n.203 position.n.C2
position.n position.n.210 position.n.C2
position.n position.n.182 position.n.C2
position.n position.n.190 position.n.C2
position.n position.n.56 position.n.C2
position.n position.n.294 position.n.C3
position.n position.n.108 position.n.C3
position.n position.n.12 position.n.C1
position.n position.n.231 position.n.C1
position.n position.n.159 position.n.C2
position.n position.n.13 position.n.C1
position.n position.n.251 position.n.C3
position.n position.n.291 position.n.C2
position.n position.n.120 position.n.C3
