come.v come.v.57 s0-come.v.C1 s1-come.v.0 s2-come.v.C0 s3-market_cluster_2_come s4-come.v.C3
come.v come.v.52 s0-come.v.C1 s1-come.v.0 s2-come.v.C0 s3-government_cluster_1_come s4-come.v.C2
come.v come.v.105 s0-come.v.C2 s1-come.v.0 s2-come.v.C0 s3-market_cluster_2_come s4-come.v.C3
come.v come.v.104 s0-come.v.C2 s1-come.v.0 s2-come.v.C0 s3-market_cluster_2_come s4-come.v.C3
come.v come.v.138 s0-come.v.C4 s1-come.v.0 s2-come.v.C0 s3-hand_cluster_3_come s4-come.v.C3
come.v come.v.139 s0-come.v.C3 s1-come.v.0 s2-come.v.C0 s3-amount_cluster_10_come s4-come.v.C3
come.v come.v.130 s0-come.v.C3 s1-come.v.0 s2-come.v.C0 s3-highway_cluster_9_come s4-come.v.C1
come.v come.v.131 s0-come.v.C3 s1-come.v.0 s2-come.v.C0 s3-highway_cluster_9_come s4-come.v.C1
come.v come.v.132 s0-come.v.C2 s1-come.v.0 s2-come.v.C0 s3-rate_cluster_7_come s4-come.v.C3
come.v come.v.133 s0-come.v.C2 s1-come.v.0 s2-come.v.C0 s3-rate_cluster_7_come s4-come.v.C3
come.v come.v.134 s0-come.v.C2 s1-come.v.0 s2-come.v.C0 s3-rate_cluster_7_come s4-come.v.C3
come.v come.v.135 s0-come.v.C5 s1-come.v.0 s2-come.v.C0 s3-school_cluster_11_come s4-come.v.C4
come.v come.v.136 s0-come.v.C1 s1-come.v.0 s2-come.v.C0 s3-part_cluster_4_come s4-come.v.C3
come.v come.v.137 s0-come.v.C2 s1-come.v.0 s2-come.v.C0 s3-school_cluster_11_come s4-come.v.C9
come.v come.v.87 s0-come.v.C2 s1-come.v.0 s2-come.v.C0 s3-government_cluster_1_come s4-come.v.C2
come.v come.v.86 s0-come.v.C2 s1-come.v.0 s2-come.v.C0 s3-rate_cluster_7_come s4-come.v.C6
come.v come.v.85 s0-come.v.C2 s1-come.v.0 s2-come.v.C0 s3-market_cluster_2_come s4-come.v.C1
come.v come.v.84 s0-come.v.C5 s1-come.v.0 s2-come.v.C0 s3-hand_cluster_3_come s4-come.v.C3
come.v come.v.83 s0-come.v.C3 s1-come.v.0 s2-come.v.C0 s3-hand_cluster_3_come s4-come.v.C8
come.v come.v.82 s0-come.v.C1 s1-come.v.0 s2-come.v.C0 s3-hand_cluster_3_come s4-come.v.C3
come.v come.v.81 s0-come.v.C4 s1-come.v.0 s2-come.v.C0 s3-life_cluster_0_come s4-come.v.C3
come.v come.v.80 s0-come.v.C5 s1-come.v.0 s2-come.v.C0 s3-government_cluster_1_come s4-come.v.C3
come.v come.v.89 s0-come.v.C5 s1-come.v.0 s2-come.v.C0 s3-system_cluster_5_come s4-come.v.C3
come.v come.v.88 s0-come.v.C1 s1-come.v.0 s2-come.v.C0 s3-hand_cluster_3_come s4-come.v.C3
come.v come.v.228 s0-come.v.C1 s1-come.v.0 s2-come.v.C0 s3-life_cluster_0_come s4-come.v.C3
come.v come.v.229 s0-come.v.C1 s1-come.v.0 s2-come.v.C0 s3-life_cluster_0_come s4-come.v.C3
come.v come.v.224 s0-come.v.C4 s1-come.v.0 s2-come.v.C0 s3-market_cluster_2_come s4-come.v.C6
come.v come.v.225 s0-come.v.C3 s1-come.v.0 s2-come.v.C0 s3-part_cluster_4_come s4-come.v.C3
come.v come.v.226 s0-come.v.C2 s1-come.v.0 s2-come.v.C0 s3-market_cluster_2_come s4-come.v.C3
come.v come.v.227 s0-come.v.C1 s1-come.v.0 s2-come.v.C0 s3-life_cluster_0_come s4-come.v.C3
come.v come.v.220 s0-come.v.C5 s1-come.v.0 s2-come.v.C0 s3-life_cluster_0_come s4-come.v.C4
come.v come.v.221 s0-come.v.C5 s1-come.v.0 s2-come.v.C0 s3-life_cluster_0_come s4-come.v.C4
come.v come.v.222 s0-come.v.C3 s1-come.v.0 s2-come.v.C0 s3-highway_cluster_9_come s4-come.v.C1
come.v come.v.223 s0-come.v.C4 s1-come.v.0 s2-come.v.C0 s3-highway_cluster_9_come s4-come.v.C4
come.v come.v.41 s0-come.v.C2 s1-come.v.0 s2-come.v.C0 s3-rate_cluster_7_come s4-come.v.C3
come.v come.v.40 s0-come.v.C2 s1-come.v.0 s2-come.v.C0 s3-market_cluster_2_come s4-come.v.C6
come.v come.v.149 s0-come.v.C2 s1-come.v.0 s2-come.v.C0 s3-government_cluster_1_come s4-come.v.C3
come.v come.v.148 s0-come.v.C2 s1-come.v.0 s2-come.v.C0 s3-market_cluster_2_come s4-come.v.C3
come.v come.v.141 s0-come.v.C1 s1-come.v.0 s2-come.v.C0 s3-market_cluster_2_come s4-come.v.C3
come.v come.v.140 s0-come.v.C3 s1-come.v.0 s2-come.v.C0 s3-school_cluster_11_come s4-come.v.C3
come.v come.v.143 s0-come.v.C3 s1-come.v.0 s2-come.v.C0 s3-rate_cluster_7_come s4-come.v.C3
come.v come.v.142 s0-come.v.C3 s1-come.v.0 s2-come.v.C0 s3-market_cluster_2_come s4-come.v.C6
come.v come.v.145 s0-come.v.C1 s1-come.v.0 s2-come.v.C0 s3-market_cluster_2_come s4-come.v.C4
come.v come.v.144 s0-come.v.C1 s1-come.v.0 s2-come.v.C0 s3-market_cluster_2_come s4-come.v.C2
come.v come.v.147 s0-come.v.C2 s1-come.v.0 s2-come.v.C0 s3-market_cluster_2_come s4-come.v.C3
come.v come.v.146 s0-come.v.C1 s1-come.v.0 s2-come.v.C0 s3-market_cluster_2_come s4-come.v.C3
come.v come.v.36 s0-come.v.C4 s1-come.v.0 s2-come.v.C0 s3-part_cluster_4_come s4-come.v.C3
come.v come.v.37 s0-come.v.C1 s1-come.v.0 s2-come.v.C0 s3-market_cluster_2_come s4-come.v.C3
come.v come.v.34 s0-come.v.C3 s1-come.v.0 s2-come.v.C0 s3-highway_cluster_9_come s4-come.v.C6
come.v come.v.35 s0-come.v.C4 s1-come.v.0 s2-come.v.C0 s3-life_cluster_0_come s4-come.v.C3
come.v come.v.32 s0-come.v.C3 s1-come.v.0 s2-come.v.C0 s3-market_cluster_2_come s4-come.v.C3
come.v come.v.33 s0-come.v.C3 s1-come.v.0 s2-come.v.C0 s3-market_cluster_2_come s4-come.v.C3
come.v come.v.30 s0-come.v.C2 s1-come.v.0 s2-come.v.C0 s3-rate_cluster_7_come s4-come.v.C3
come.v come.v.31 s0-come.v.C5 s1-come.v.0 s2-come.v.C0 s3-rate_cluster_7_come s4-come.v.C3
come.v come.v.38 s0-come.v.C3 s1-come.v.0 s2-come.v.C0 s3-highway_cluster_9_come s4-come.v.C3
come.v come.v.39 s0-come.v.C3 s1-come.v.0 s2-come.v.C0 s3-highway_cluster_9_come s4-come.v.C1
come.v come.v.198 s0-come.v.C5 s1-come.v.0 s2-come.v.C0 s3-market_cluster_2_come s4-come.v.C9
come.v come.v.199 s0-come.v.C5 s1-come.v.0 s2-come.v.C0 s3-system_cluster_5_come s4-come.v.C3
come.v come.v.192 s0-come.v.C2 s1-come.v.0 s2-come.v.C0 s3-market_cluster_2_come s4-come.v.C2
come.v come.v.193 s0-come.v.C3 s1-come.v.0 s2-come.v.C0 s3-market_cluster_2_come s4-come.v.C2
come.v come.v.190 s0-come.v.C3 s1-come.v.0 s2-come.v.C0 s3-market_cluster_2_come s4-come.v.C3
come.v come.v.191 s0-come.v.C1 s1-come.v.0 s2-come.v.C0 s3-market_cluster_2_come s4-come.v.C3
come.v come.v.196 s0-come.v.C4 s1-come.v.0 s2-come.v.C0 s3-rate_cluster_7_come s4-come.v.C3
come.v come.v.197 s0-come.v.C2 s1-come.v.0 s2-come.v.C0 s3-market_cluster_2_come s4-come.v.C3
come.v come.v.194 s0-come.v.C3 s1-come.v.0 s2-come.v.C0 s3-market_cluster_2_come s4-come.v.C2
come.v come.v.195 s0-come.v.C3 s1-come.v.0 s2-come.v.C0 s3-highway_cluster_9_come s4-come.v.C1
come.v come.v.112 s0-come.v.C5 s1-come.v.0 s2-come.v.C0 s3-highway_cluster_9_come s4-come.v.C3
come.v come.v.113 s0-come.v.C1 s1-come.v.0 s2-come.v.C0 s3-market_cluster_2_come s4-come.v.C3
come.v come.v.110 s0-come.v.C2 s1-come.v.0 s2-come.v.C0 s3-system_cluster_5_come s4-come.v.C3
come.v come.v.111 s0-come.v.C5 s1-come.v.0 s2-come.v.C0 s3-government_cluster_1_come s4-come.v.C3
come.v come.v.116 s0-come.v.C2 s1-come.v.0 s2-come.v.C0 s3-market_cluster_2_come s4-come.v.C3
come.v come.v.117 s0-come.v.C2 s1-come.v.0 s2-come.v.C0 s3-market_cluster_2_come s4-come.v.C3
come.v come.v.114 s0-come.v.C1 s1-come.v.0 s2-come.v.C0 s3-market_cluster_2_come s4-come.v.C3
come.v come.v.115 s0-come.v.C2 s1-come.v.0 s2-come.v.C0 s3-market_cluster_2_come s4-come.v.C3
come.v come.v.118 s0-come.v.C3 s1-come.v.0 s2-come.v.C0 s3-school_cluster_11_come s4-come.v.C3
come.v come.v.119 s0-come.v.C1 s1-come.v.0 s2-come.v.C0 s3-market_cluster_2_come s4-come.v.C1
come.v come.v.8 s0-come.v.C4 s1-come.v.0 s2-come.v.C0 s3-part_cluster_4_come s4-come.v.C3
come.v come.v.9 s0-come.v.C4 s1-come.v.0 s2-come.v.C0 s3-part_cluster_4_come s4-come.v.C3
come.v come.v.6 s0-come.v.C5 s1-come.v.0 s2-come.v.C0 s3-part_cluster_4_come s4-come.v.C3
come.v come.v.7 s0-come.v.C4 s1-come.v.0 s2-come.v.C0 s3-government_cluster_1_come s4-come.v.C1
come.v come.v.4 s0-come.v.C4 s1-come.v.0 s2-come.v.C0 s3-government_cluster_1_come s4-come.v.C3
come.v come.v.5 s0-come.v.C5 s1-come.v.0 s2-come.v.C0 s3-amount_cluster_10_come s4-come.v.C3
come.v come.v.2 s0-come.v.C1 s1-come.v.0 s2-come.v.C0 s3-market_cluster_2_come s4-come.v.C9
come.v come.v.3 s0-come.v.C5 s1-come.v.0 s2-come.v.C0 s3-government_cluster_1_come s4-come.v.C3
come.v come.v.1 s0-come.v.C1 s1-come.v.0 s2-come.v.C0 s3-government_cluster_1_come s4-come.v.C4
come.v come.v.69 s0-come.v.C2 s1-come.v.0 s2-come.v.C0 s3-rate_cluster_7_come s4-come.v.C3
come.v come.v.68 s0-come.v.C1 s1-come.v.0 s2-come.v.C0 s3-rate_cluster_7_come s4-come.v.C3
come.v come.v.61 s0-come.v.C1 s1-come.v.0 s2-come.v.C0 s3-government_cluster_1_come s4-come.v.C4
come.v come.v.60 s0-come.v.C2 s1-come.v.0 s2-come.v.C0 s3-market_cluster_2_come s4-come.v.C4
come.v come.v.63 s0-come.v.C4 s1-come.v.0 s2-come.v.C0 s3-government_cluster_1_come s4-come.v.C3
come.v come.v.62 s0-come.v.C5 s1-come.v.0 s2-come.v.C0 s3-government_cluster_1_come s4-come.v.C5
come.v come.v.65 s0-come.v.C5 s1-come.v.0 s2-come.v.C0 s3-market_cluster_2_come s4-come.v.C7
come.v come.v.64 s0-come.v.C4 s1-come.v.0 s2-come.v.C0 s3-life_cluster_0_come s4-come.v.C3
come.v come.v.67 s0-come.v.C5 s1-come.v.0 s2-come.v.C0 s3-government_cluster_1_come s4-come.v.C8
come.v come.v.66 s0-come.v.C5 s1-come.v.0 s2-come.v.C0 s3-market_cluster_2_come s4-come.v.C3
come.v come.v.206 s0-come.v.C2 s1-come.v.0 s2-come.v.C0 s3-rate_cluster_7_come s4-come.v.C3
come.v come.v.207 s0-come.v.C4 s1-come.v.0 s2-come.v.C0 s3-part_cluster_4_come s4-come.v.C9
come.v come.v.204 s0-come.v.C1 s1-come.v.0 s2-come.v.C0 s3-school_cluster_11_come s4-come.v.C3
come.v come.v.205 s0-come.v.C2 s1-come.v.0 s2-come.v.C0 s3-market_cluster_2_come s4-come.v.C2
come.v come.v.202 s0-come.v.C2 s1-come.v.0 s2-come.v.C0 s3-market_cluster_2_come s4-come.v.C3
come.v come.v.203 s0-come.v.C1 s1-come.v.0 s2-come.v.C0 s3-rate_cluster_7_come s4-come.v.C3
come.v come.v.200 s0-come.v.C2 s1-come.v.0 s2-come.v.C0 s3-rate_cluster_7_come s4-come.v.C3
come.v come.v.201 s0-come.v.C2 s1-come.v.0 s2-come.v.C0 s3-market_cluster_2_come s4-come.v.C2
come.v come.v.208 s0-come.v.C5 s1-come.v.0 s2-come.v.C0 s3-system_cluster_5_come s4-come.v.C3
come.v come.v.209 s0-come.v.C5 s1-come.v.0 s2-come.v.C0 s3-part_cluster_4_come s4-come.v.C3
come.v come.v.56 s0-come.v.C1 s1-come.v.0 s2-come.v.C0 s3-market_cluster_2_come s4-come.v.C3
come.v come.v.129 s0-come.v.C3 s1-come.v.0 s2-come.v.C0 s3-highway_cluster_9_come s4-come.v.C1
come.v come.v.128 s0-come.v.C4 s1-come.v.0 s2-come.v.C0 s3-part_cluster_4_come s4-come.v.C1
come.v come.v.123 s0-come.v.C3 s1-come.v.0 s2-come.v.C0 s3-government_cluster_1_come s4-come.v.C3
come.v come.v.122 s0-come.v.C3 s1-come.v.0 s2-come.v.C0 s3-market_cluster_2_come s4-come.v.C3
come.v come.v.121 s0-come.v.C2 s1-come.v.0 s2-come.v.C0 s3-rate_cluster_7_come s4-come.v.C3
come.v come.v.120 s0-come.v.C2 s1-come.v.0 s2-come.v.C0 s3-door_cluster_6_come s4-come.v.C3
come.v come.v.127 s0-come.v.C1 s1-come.v.0 s2-come.v.C0 s3-government_cluster_1_come s4-come.v.C3
come.v come.v.126 s0-come.v.C3 s1-come.v.0 s2-come.v.C0 s3-amount_cluster_10_come s4-come.v.C3
come.v come.v.125 s0-come.v.C3 s1-come.v.0 s2-come.v.C0 s3-government_cluster_1_come s4-come.v.C3
come.v come.v.124 s0-come.v.C2 s1-come.v.0 s2-come.v.C0 s3-government_cluster_1_come s4-come.v.C3
come.v come.v.90 s0-come.v.C3 s1-come.v.0 s2-come.v.C0 s3-market_cluster_2_come s4-come.v.C3
come.v come.v.91 s0-come.v.C5 s1-come.v.0 s2-come.v.C0 s3-market_cluster_2_come s4-come.v.C3
come.v come.v.92 s0-come.v.C4 s1-come.v.0 s2-come.v.C0 s3-door_cluster_6_come s4-come.v.C3
come.v come.v.93 s0-come.v.C5 s1-come.v.0 s2-come.v.C0 s3-door_cluster_6_come s4-come.v.C3
come.v come.v.94 s0-come.v.C5 s1-come.v.0 s2-come.v.C0 s3-system_cluster_5_come s4-come.v.C3
come.v come.v.95 s0-come.v.C5 s1-come.v.0 s2-come.v.C0 s3-power_cluster_8_come s4-come.v.C3
come.v come.v.96 s0-come.v.C4 s1-come.v.0 s2-come.v.C0 s3-government_cluster_1_come s4-come.v.C3
come.v come.v.97 s0-come.v.C5 s1-come.v.0 s2-come.v.C0 s3-government_cluster_1_come s4-come.v.C3
come.v come.v.98 s0-come.v.C4 s1-come.v.0 s2-come.v.C0 s3-government_cluster_1_come s4-come.v.C3
come.v come.v.99 s0-come.v.C3 s1-come.v.0 s2-come.v.C0 s3-highway_cluster_9_come s4-come.v.C1
come.v come.v.18 s0-come.v.C2 s1-come.v.0 s2-come.v.C0 s3-power_cluster_8_come s4-come.v.C3
come.v come.v.19 s0-come.v.C2 s1-come.v.0 s2-come.v.C0 s3-part_cluster_4_come s4-come.v.C5
come.v come.v.10 s0-come.v.C4 s1-come.v.0 s2-come.v.C0 s3-government_cluster_1_come s4-come.v.C1
come.v come.v.11 s0-come.v.C4 s1-come.v.0 s2-come.v.C0 s3-government_cluster_1_come s4-come.v.C1
come.v come.v.12 s0-come.v.C4 s1-come.v.0 s2-come.v.C0 s3-government_cluster_1_come s4-come.v.C3
come.v come.v.13 s0-come.v.C1 s1-come.v.0 s2-come.v.C0 s3-market_cluster_2_come s4-come.v.C3
come.v come.v.14 s0-come.v.C4 s1-come.v.0 s2-come.v.C0 s3-power_cluster_8_come s4-come.v.C7
come.v come.v.15 s0-come.v.C4 s1-come.v.0 s2-come.v.C0 s3-power_cluster_8_come s4-come.v.C3
come.v come.v.16 s0-come.v.C5 s1-come.v.0 s2-come.v.C0 s3-system_cluster_5_come s4-come.v.C3
come.v come.v.17 s0-come.v.C2 s1-come.v.0 s2-come.v.C0 s3-market_cluster_2_come s4-come.v.C3
come.v come.v.174 s0-come.v.C4 s1-come.v.0 s2-come.v.C0 s3-hand_cluster_3_come s4-come.v.C3
come.v come.v.175 s0-come.v.C1 s1-come.v.0 s2-come.v.C0 s3-market_cluster_2_come s4-come.v.C3
come.v come.v.176 s0-come.v.C2 s1-come.v.0 s2-come.v.C0 s3-system_cluster_5_come s4-come.v.C1
come.v come.v.177 s0-come.v.C5 s1-come.v.0 s2-come.v.C0 s3-power_cluster_8_come s4-come.v.C3
come.v come.v.170 s0-come.v.C5 s1-come.v.0 s2-come.v.C0 s3-government_cluster_1_come s4-come.v.C3
come.v come.v.171 s0-come.v.C5 s1-come.v.0 s2-come.v.C0 s3-market_cluster_2_come s4-come.v.C6
come.v come.v.172 s0-come.v.C4 s1-come.v.0 s2-come.v.C0 s3-hand_cluster_3_come s4-come.v.C3
come.v come.v.173 s0-come.v.C4 s1-come.v.0 s2-come.v.C0 s3-government_cluster_1_come s4-come.v.C3
come.v come.v.178 s0-come.v.C4 s1-come.v.0 s2-come.v.C0 s3-system_cluster_5_come s4-come.v.C3
come.v come.v.179 s0-come.v.C4 s1-come.v.0 s2-come.v.C0 s3-part_cluster_4_come s4-come.v.C3
come.v come.v.49 s0-come.v.C3 s1-come.v.0 s2-come.v.C0 s3-highway_cluster_9_come s4-come.v.C1
come.v come.v.48 s0-come.v.C5 s1-come.v.0 s2-come.v.C0 s3-government_cluster_1_come s4-come.v.C9
come.v come.v.185 s0-come.v.C4 s1-come.v.0 s2-come.v.C0 s3-life_cluster_0_come s4-come.v.C3
come.v come.v.184 s0-come.v.C3 s1-come.v.0 s2-come.v.C0 s3-hand_cluster_3_come s4-come.v.C3
come.v come.v.187 s0-come.v.C4 s1-come.v.0 s2-come.v.C0 s3-highway_cluster_9_come s4-come.v.C1
come.v come.v.186 s0-come.v.C4 s1-come.v.0 s2-come.v.C0 s3-government_cluster_1_come s4-come.v.C3
come.v come.v.181 s0-come.v.C2 s1-come.v.0 s2-come.v.C0 s3-door_cluster_6_come s4-come.v.C3
come.v come.v.180 s0-come.v.C2 s1-come.v.0 s2-come.v.C0 s3-market_cluster_2_come s4-come.v.C6
come.v come.v.183 s0-come.v.C3 s1-come.v.0 s2-come.v.C0 s3-rate_cluster_7_come s4-come.v.C3
come.v come.v.182 s0-come.v.C2 s1-come.v.0 s2-come.v.C0 s3-door_cluster_6_come s4-come.v.C3
come.v come.v.189 s0-come.v.C1 s1-come.v.0 s2-come.v.C0 s3-market_cluster_2_come s4-come.v.C3
come.v come.v.188 s0-come.v.C4 s1-come.v.0 s2-come.v.C0 s3-highway_cluster_9_come s4-come.v.C1
come.v come.v.109 s0-come.v.C1 s1-come.v.0 s2-come.v.C0 s3-part_cluster_4_come s4-come.v.C3
come.v come.v.108 s0-come.v.C3 s1-come.v.0 s2-come.v.C0 s3-market_cluster_2_come s4-come.v.C3
come.v come.v.107 s0-come.v.C3 s1-come.v.0 s2-come.v.C0 s3-school_cluster_11_come s4-come.v.C6
come.v come.v.106 s0-come.v.C3 s1-come.v.0 s2-come.v.C0 s3-market_cluster_2_come s4-come.v.C3
come.v come.v.101 s0-come.v.C2 s1-come.v.0 s2-come.v.C0 s3-rate_cluster_7_come s4-come.v.C3
come.v come.v.100 s0-come.v.C3 s1-come.v.0 s2-come.v.C0 s3-highway_cluster_9_come s4-come.v.C1
come.v come.v.103 s0-come.v.C4 s1-come.v.0 s2-come.v.C0 s3-amount_cluster_10_come s4-come.v.C6
come.v come.v.102 s0-come.v.C1 s1-come.v.0 s2-come.v.C0 s3-hand_cluster_3_come s4-come.v.C1
come.v come.v.43 s0-come.v.C2 s1-come.v.0 s2-come.v.C0 s3-rate_cluster_7_come s4-come.v.C3
come.v come.v.42 s0-come.v.C1 s1-come.v.0 s2-come.v.C0 s3-system_cluster_5_come s4-come.v.C3
come.v come.v.47 s0-come.v.C5 s1-come.v.0 s2-come.v.C0 s3-life_cluster_0_come s4-come.v.C3
come.v come.v.46 s0-come.v.C5 s1-come.v.0 s2-come.v.C0 s3-government_cluster_1_come s4-come.v.C3
come.v come.v.45 s0-come.v.C3 s1-come.v.0 s2-come.v.C0 s3-system_cluster_5_come s4-come.v.C3
come.v come.v.44 s0-come.v.C1 s1-come.v.0 s2-come.v.C0 s3-part_cluster_4_come s4-come.v.C3
come.v come.v.78 s0-come.v.C5 s1-come.v.0 s2-come.v.C0 s3-market_cluster_2_come s4-come.v.C1
come.v come.v.79 s0-come.v.C4 s1-come.v.0 s2-come.v.C0 s3-government_cluster_1_come s4-come.v.C6
come.v come.v.72 s0-come.v.C5 s1-come.v.0 s2-come.v.C0 s3-highway_cluster_9_come s4-come.v.C3
come.v come.v.73 s0-come.v.C1 s1-come.v.0 s2-come.v.C0 s3-life_cluster_0_come s4-come.v.C3
come.v come.v.70 s0-come.v.C1 s1-come.v.0 s2-come.v.C0 s3-rate_cluster_7_come s4-come.v.C3
come.v come.v.71 s0-come.v.C5 s1-come.v.0 s2-come.v.C0 s3-amount_cluster_10_come s4-come.v.C3
come.v come.v.76 s0-come.v.C5 s1-come.v.0 s2-come.v.C0 s3-power_cluster_8_come s4-come.v.C2
come.v come.v.77 s0-come.v.C2 s1-come.v.0 s2-come.v.C0 s3-market_cluster_2_come s4-come.v.C3
come.v come.v.74 s0-come.v.C3 s1-come.v.0 s2-come.v.C0 s3-part_cluster_4_come s4-come.v.C3
come.v come.v.75 s0-come.v.C3 s1-come.v.0 s2-come.v.C0 s3-system_cluster_5_come s4-come.v.C3
come.v come.v.211 s0-come.v.C2 s1-come.v.0 s2-come.v.C0 s3-rate_cluster_7_come s4-come.v.C3
come.v come.v.210 s0-come.v.C5 s1-come.v.0 s2-come.v.C0 s3-part_cluster_4_come s4-come.v.C3
come.v come.v.213 s0-come.v.C2 s1-come.v.0 s2-come.v.C0 s3-rate_cluster_7_come s4-come.v.C3
come.v come.v.212 s0-come.v.C2 s1-come.v.0 s2-come.v.C0 s3-market_cluster_2_come s4-come.v.C1
come.v come.v.215 s0-come.v.C4 s1-come.v.0 s2-come.v.C0 s3-power_cluster_8_come s4-come.v.C3
come.v come.v.214 s0-come.v.C2 s1-come.v.0 s2-come.v.C0 s3-market_cluster_2_come s4-come.v.C2
come.v come.v.217 s0-come.v.C2 s1-come.v.0 s2-come.v.C0 s3-market_cluster_2_come s4-come.v.C3
come.v come.v.216 s0-come.v.C1 s1-come.v.0 s2-come.v.C0 s3-market_cluster_2_come s4-come.v.C2
come.v come.v.219 s0-come.v.C4 s1-come.v.0 s2-come.v.C0 s3-power_cluster_8_come s4-come.v.C4
come.v come.v.218 s0-come.v.C5 s1-come.v.0 s2-come.v.C0 s3-government_cluster_1_come s4-come.v.C4
come.v come.v.158 s0-come.v.C4 s1-come.v.0 s2-come.v.C0 s3-government_cluster_1_come s4-come.v.C3
come.v come.v.159 s0-come.v.C4 s1-come.v.0 s2-come.v.C0 s3-part_cluster_4_come s4-come.v.C3
come.v come.v.156 s0-come.v.C5 s1-come.v.0 s2-come.v.C0 s3-system_cluster_5_come s4-come.v.C3
come.v come.v.157 s0-come.v.C5 s1-come.v.0 s2-come.v.C0 s3-rate_cluster_7_come s4-come.v.C3
come.v come.v.154 s0-come.v.C4 s1-come.v.0 s2-come.v.C0 s3-door_cluster_6_come s4-come.v.C3
come.v come.v.155 s0-come.v.C1 s1-come.v.0 s2-come.v.C0 s3-life_cluster_0_come s4-come.v.C3
come.v come.v.152 s0-come.v.C3 s1-come.v.0 s2-come.v.C0 s3-amount_cluster_10_come s4-come.v.C3
come.v come.v.153 s0-come.v.C3 s1-come.v.0 s2-come.v.C0 s3-amount_cluster_10_come s4-come.v.C3
come.v come.v.150 s0-come.v.C3 s1-come.v.0 s2-come.v.C0 s3-amount_cluster_10_come s4-come.v.C6
come.v come.v.151 s0-come.v.C3 s1-come.v.0 s2-come.v.C0 s3-amount_cluster_10_come s4-come.v.C3
come.v come.v.25 s0-come.v.C4 s1-come.v.0 s2-come.v.C0 s3-part_cluster_4_come s4-come.v.C3
come.v come.v.24 s0-come.v.C1 s1-come.v.0 s2-come.v.C0 s3-life_cluster_0_come s4-come.v.C3
come.v come.v.27 s0-come.v.C4 s1-come.v.0 s2-come.v.C0 s3-life_cluster_0_come s4-come.v.C3
come.v come.v.26 s0-come.v.C4 s1-come.v.0 s2-come.v.C0 s3-school_cluster_11_come s4-come.v.C3
come.v come.v.21 s0-come.v.C5 s1-come.v.0 s2-come.v.C0 s3-rate_cluster_7_come s4-come.v.C6
come.v come.v.20 s0-come.v.C2 s1-come.v.0 s2-come.v.C0 s3-part_cluster_4_come s4-come.v.C5
come.v come.v.23 s0-come.v.C4 s1-come.v.0 s2-come.v.C0 s3-life_cluster_0_come s4-come.v.C3
come.v come.v.22 s0-come.v.C5 s1-come.v.0 s2-come.v.C0 s3-life_cluster_0_come s4-come.v.C5
come.v come.v.29 s0-come.v.C5 s1-come.v.0 s2-come.v.C0 s3-rate_cluster_7_come s4-come.v.C3
come.v come.v.28 s0-come.v.C5 s1-come.v.0 s2-come.v.C0 s3-rate_cluster_7_come s4-come.v.C3
come.v come.v.167 s0-come.v.C1 s1-come.v.0 s2-come.v.C0 s3-market_cluster_2_come s4-come.v.C3
come.v come.v.166 s0-come.v.C1 s1-come.v.0 s2-come.v.C0 s3-life_cluster_0_come s4-come.v.C9
come.v come.v.165 s0-come.v.C4 s1-come.v.0 s2-come.v.C0 s3-part_cluster_4_come s4-come.v.C3
come.v come.v.164 s0-come.v.C4 s1-come.v.0 s2-come.v.C0 s3-government_cluster_1_come s4-come.v.C9
come.v come.v.163 s0-come.v.C1 s1-come.v.0 s2-come.v.C0 s3-power_cluster_8_come s4-come.v.C3
come.v come.v.162 s0-come.v.C4 s1-come.v.0 s2-come.v.C0 s3-life_cluster_0_come s4-come.v.C3
come.v come.v.161 s0-come.v.C4 s1-come.v.0 s2-come.v.C0 s3-life_cluster_0_come s4-come.v.C9
come.v come.v.160 s0-come.v.C4 s1-come.v.0 s2-come.v.C0 s3-school_cluster_11_come s4-come.v.C3
come.v come.v.169 s0-come.v.C2 s1-come.v.0 s2-come.v.C0 s3-government_cluster_1_come s4-come.v.C3
come.v come.v.168 s0-come.v.C1 s1-come.v.0 s2-come.v.C0 s3-life_cluster_0_come s4-come.v.C3
come.v come.v.54 s0-come.v.C5 s1-come.v.0 s2-come.v.C0 s3-life_cluster_0_come s4-come.v.C3
come.v come.v.55 s0-come.v.C1 s1-come.v.0 s2-come.v.C0 s3-life_cluster_0_come s4-come.v.C2
come.v come.v.51 s0-come.v.C5 s1-come.v.0 s2-come.v.C0 s3-government_cluster_1_come s4-come.v.C4
come.v come.v.53 s0-come.v.C3 s1-come.v.0 s2-come.v.C0 s3-market_cluster_2_come s4-come.v.C6
come.v come.v.58 s0-come.v.C2 s1-come.v.0 s2-come.v.C0 s3-rate_cluster_7_come s4-come.v.C3
come.v come.v.59 s0-come.v.C1 s1-come.v.0 s2-come.v.C0 s3-hand_cluster_3_come s4-come.v.C3
come.v come.v.50 s0-come.v.C3 s1-come.v.0 s2-come.v.C0 s3-highway_cluster_9_come s4-come.v.C1
