complete.v complete.v.23 s0-complete.v.C1 s1-complete.v.0 s2-complete.v.C0 s3-buyer_cluster_11_complete s4-complete.v.C1
complete.v complete.v.22 s0-complete.v.C1 s1-complete.v.0 s2-complete.v.C0 s3-company_cluster_4_complete s4-complete.v.C1
complete.v complete.v.21 s0-complete.v.C1 s1-complete.v.0 s2-complete.v.C0 s3-company_cluster_4_complete s4-complete.v.C1
complete.v complete.v.20 s0-complete.v.C1 s1-complete.v.0 s2-complete.v.C0 s3-company_cluster_4_complete s4-complete.v.C1
complete.v complete.v.27 s0-complete.v.C2 s1-complete.v.0 s2-complete.v.C0 s3-buyer_cluster_11_complete s4-complete.v.C1
complete.v complete.v.26 s0-complete.v.C2 s1-complete.v.0 s2-complete.v.C0 s3-buyer_cluster_11_complete s4-complete.v.C1
complete.v complete.v.25 s0-complete.v.C1 s1-complete.v.0 s2-complete.v.C0 s3-company_cluster_4_complete s4-complete.v.C1
complete.v complete.v.24 s0-complete.v.C1 s1-complete.v.0 s2-complete.v.C0 s3-company_cluster_4_complete s4-complete.v.C1
complete.v complete.v.29 s0-complete.v.C1 s1-complete.v.0 s2-complete.v.C0 s3-buyer_cluster_11_complete s4-complete.v.C1
complete.v complete.v.28 s0-complete.v.C1 s1-complete.v.0 s2-complete.v.C0 s3-company_cluster_4_complete s4-complete.v.C1
complete.v complete.v.18 s0-complete.v.C2 s1-complete.v.0 s2-complete.v.C0 s3-form_cluster_2_complete s4-complete.v.C1
complete.v complete.v.19 s0-complete.v.C1 s1-complete.v.0 s2-complete.v.C0 s3-work_cluster_0_complete s4-complete.v.C1
complete.v complete.v.12 s0-complete.v.C2 s1-complete.v.0 s2-complete.v.C0 s3-company_cluster_4_complete s4-complete.v.C1
complete.v complete.v.13 s0-complete.v.C1 s1-complete.v.0 s2-complete.v.C0 s3-buyer_cluster_11_complete s4-complete.v.C1
complete.v complete.v.10 s0-complete.v.C1 s1-complete.v.0 s2-complete.v.C0 s3-company_cluster_4_complete s4-complete.v.C1
complete.v complete.v.11 s0-complete.v.C2 s1-complete.v.0 s2-complete.v.C0 s3-line_cluster_7_complete s4-complete.v.C1
complete.v complete.v.16 s0-complete.v.C1 s1-complete.v.0 s2-complete.v.C0 s3-buyer_cluster_11_complete s4-complete.v.C1
complete.v complete.v.17 s0-complete.v.C2 s1-complete.v.0 s2-complete.v.C0 s3-government_cluster_5_complete s4-complete.v.C1
complete.v complete.v.14 s0-complete.v.C2 s1-complete.v.0 s2-complete.v.C0 s3-government_cluster_5_complete s4-complete.v.C1
complete.v complete.v.15 s0-complete.v.C1 s1-complete.v.0 s2-complete.v.C0 s3-company_cluster_4_complete s4-complete.v.C1
complete.v complete.v.45 s0-complete.v.C1 s1-complete.v.0 s2-complete.v.C0 s3-work_cluster_0_complete s4-complete.v.C1
complete.v complete.v.44 s0-complete.v.C2 s1-complete.v.0 s2-complete.v.C0 s3-company_cluster_4_complete s4-complete.v.C1
complete.v complete.v.47 s0-complete.v.C2 s1-complete.v.0 s2-complete.v.C0 s3-company_cluster_4_complete s4-complete.v.C1
complete.v complete.v.46 s0-complete.v.C1 s1-complete.v.0 s2-complete.v.C0 s3-company_cluster_4_complete s4-complete.v.C1
complete.v complete.v.41 s0-complete.v.C1 s1-complete.v.0 s2-complete.v.C0 s3-company_cluster_4_complete s4-complete.v.C4
complete.v complete.v.40 s0-complete.v.C1 s1-complete.v.0 s2-complete.v.C0 s3-line_cluster_7_complete s4-complete.v.C1
complete.v complete.v.43 s0-complete.v.C2 s1-complete.v.0 s2-complete.v.C0 s3-work_cluster_0_complete s4-complete.v.C1
complete.v complete.v.42 s0-complete.v.C2 s1-complete.v.0 s2-complete.v.C0 s3-form_cluster_2_complete s4-complete.v.C2
complete.v complete.v.49 s0-complete.v.C1 s1-complete.v.0 s2-complete.v.C0 s3-company_cluster_4_complete s4-complete.v.C1
complete.v complete.v.48 s0-complete.v.C1 s1-complete.v.0 s2-complete.v.C0 s3-company_cluster_4_complete s4-complete.v.C1
complete.v complete.v.8 s0-complete.v.C1 s1-complete.v.0 s2-complete.v.C0 s3-work_cluster_0_complete s4-complete.v.C1
complete.v complete.v.9 s0-complete.v.C1 s1-complete.v.0 s2-complete.v.C0 s3-company_cluster_4_complete s4-complete.v.C1
complete.v complete.v.1 s0-complete.v.C1 s1-complete.v.0 s2-complete.v.C0 s3-root_cluster_1_complete s4-complete.v.C1
complete.v complete.v.2 s0-complete.v.C2 s1-complete.v.0 s2-complete.v.C0 s3-government_cluster_5_complete s4-complete.v.C4
complete.v complete.v.3 s0-complete.v.C1 s1-complete.v.0 s2-complete.v.C0 s3-company_cluster_4_complete s4-complete.v.C1
complete.v complete.v.4 s0-complete.v.C1 s1-complete.v.0 s2-complete.v.C0 s3-buyer_cluster_11_complete s4-complete.v.C1
complete.v complete.v.5 s0-complete.v.C2 s1-complete.v.0 s2-complete.v.C0 s3-work_cluster_0_complete s4-complete.v.C1
complete.v complete.v.6 s0-complete.v.C1 s1-complete.v.0 s2-complete.v.C0 s3-company_cluster_4_complete s4-complete.v.C1
complete.v complete.v.7 s0-complete.v.C2 s1-complete.v.0 s2-complete.v.C0 s3-buyer_cluster_11_complete s4-complete.v.C1
complete.v complete.v.38 s0-complete.v.C2 s1-complete.v.0 s2-complete.v.C0 s3-work_cluster_0_complete s4-complete.v.C2
complete.v complete.v.39 s0-complete.v.C1 s1-complete.v.0 s2-complete.v.C0 s3-line_cluster_7_complete s4-complete.v.C2
complete.v complete.v.34 s0-complete.v.C2 s1-complete.v.0 s2-complete.v.C-1 s3-company_cluster_4_complete s4-complete.v.C2
complete.v complete.v.35 s0-complete.v.C2 s1-complete.v.0 s2-complete.v.C0 s3-work_cluster_0_complete s4-complete.v.C4
complete.v complete.v.36 s0-complete.v.C2 s1-complete.v.0 s2-complete.v.C0 s3-work_cluster_0_complete s4-complete.v.C1
complete.v complete.v.37 s0-complete.v.C2 s1-complete.v.0 s2-complete.v.C0 s3-degree_cluster_6_complete s4-complete.v.C4
complete.v complete.v.30 s0-complete.v.C2 s1-complete.v.0 s2-complete.v.C0 s3-government_cluster_5_complete s4-complete.v.C1
complete.v complete.v.31 s0-complete.v.C2 s1-complete.v.0 s2-complete.v.C0 s3-aircraft_cluster_10_complete s4-complete.v.C1
complete.v complete.v.32 s0-complete.v.C2 s1-complete.v.0 s2-complete.v.C0 s3-work_cluster_0_complete s4-complete.v.C1
complete.v complete.v.33 s0-complete.v.C2 s1-complete.v.0 s2-complete.v.C0 s3-work_cluster_0_complete s4-complete.v.C3
complete.v complete.v.56 s0-complete.v.C2 s1-complete.v.0 s2-complete.v.C0 s3-form_cluster_2_complete s4-complete.v.C3
complete.v complete.v.57 s0-complete.v.C1 s1-complete.v.0 s2-complete.v.C0 s3-work_cluster_0_complete s4-complete.v.C1
complete.v complete.v.54 s0-complete.v.C2 s1-complete.v.0 s2-complete.v.C0 s3-work_cluster_0_complete s4-complete.v.C4
complete.v complete.v.55 s0-complete.v.C2 s1-complete.v.0 s2-complete.v.C0 s3-work_cluster_0_complete s4-complete.v.C1
complete.v complete.v.52 s0-complete.v.C2 s1-complete.v.0 s2-complete.v.C0 s3-degree_cluster_6_complete s4-complete.v.C1
complete.v complete.v.53 s0-complete.v.C2 s1-complete.v.0 s2-complete.v.C0 s3-form_cluster_2_complete s4-complete.v.C2
complete.v complete.v.50 s0-complete.v.C2 s1-complete.v.0 s2-complete.v.C0 s3-work_cluster_0_complete s4-complete.v.C1
complete.v complete.v.51 s0-complete.v.C1 s1-complete.v.0 s2-complete.v.C0 s3-company_cluster_4_complete s4-complete.v.C1
complete.v complete.v.58 s0-complete.v.C1 s1-complete.v.0 s2-complete.v.C0 s3-aircraft_cluster_10_complete s4-complete.v.C4
