work.v work.v.42 s0-work.v.C2 s1-work.v.0 s2-work.v.C0 s3-woman_cluster_3_work s4-work.v.C5
work.v work.v.44 s0-work.v.C1 s1-work.v.0 s2-work.v.C0 s3-system_cluster_0_work s4-work.v.C2
work.v work.v.219 s0-work.v.C2 s1-work.v.0 s2-work.v.C0 s3-painting_cluster_7_work s4-work.v.C3
work.v work.v.218 s0-work.v.C5 s1-work.v.0 s2-work.v.C0 s3-system_cluster_0_work s4-work.v.C1
work.v work.v.217 s0-work.v.C5 s1-work.v.0 s2-work.v.C0 s3-farmer_cluster_9_work s4-work.v.C1
work.v work.v.216 s0-work.v.C3 s1-work.v.0 s2-work.v.C0 s3-child_cluster_1_work s4-work.v.C1
work.v work.v.215 s0-work.v.C3 s1-work.v.0 s2-work.v.C0 s3-woman_cluster_3_work s4-work.v.C2
work.v work.v.214 s0-work.v.C2 s1-work.v.0 s2-work.v.C0 s3-painting_cluster_7_work s4-work.v.C1
work.v work.v.213 s0-work.v.C2 s1-work.v.0 s2-work.v.C0 s3-painting_cluster_7_work s4-work.v.C1
work.v work.v.212 s0-work.v.C1 s1-work.v.0 s2-work.v.C0 s3-woman_cluster_3_work s4-work.v.C4
work.v work.v.211 s0-work.v.C2 s1-work.v.0 s2-work.v.C0 s3-farmer_cluster_9_work s4-work.v.C7
work.v work.v.210 s0-work.v.C2 s1-work.v.0 s2-work.v.C0 s3-system_cluster_0_work s4-work.v.C2
work.v work.v.148 s0-work.v.C5 s1-work.v.0 s2-work.v.C0 s3-child_cluster_1_work s4-work.v.C1
work.v work.v.142 s0-work.v.C1 s1-work.v.0 s2-work.v.C0 s3-farmer_cluster_9_work s4-work.v.C4
work.v work.v.144 s0-work.v.C4 s1-work.v.0 s2-work.v.C0 s3-painting_cluster_7_work s4-work.v.C1
work.v work.v.226 s0-work.v.C1 s1-work.v.0 s2-work.v.C0 s3-area_cluster_2_work s4-work.v.C5
work.v work.v.227 s0-work.v.C3 s1-work.v.0 s2-work.v.C0 s3-child_cluster_1_work s4-work.v.C2
work.v work.v.18 s0-work.v.C4 s1-work.v.0 s2-work.v.C0 s3-farmer_cluster_9_work s4-work.v.C2
work.v work.v.19 s0-work.v.C5 s1-work.v.0 s2-work.v.C0 s3-plan_cluster_5_work s4-work.v.C3
work.v work.v.16 s0-work.v.C4 s1-work.v.0 s2-work.v.C0 s3-system_cluster_0_work s4-work.v.C3
work.v work.v.17 s0-work.v.C2 s1-work.v.0 s2-work.v.C0 s3-system_cluster_0_work s4-work.v.C2
work.v work.v.14 s0-work.v.C1 s1-work.v.0 s2-work.v.C0 s3-child_cluster_1_work s4-work.v.C2
work.v work.v.15 s0-work.v.C1 s1-work.v.0 s2-work.v.C0 s3-area_cluster_2_work s4-work.v.C2
work.v work.v.12 s0-work.v.C5 s1-work.v.0 s2-work.v.C0 s3-book_cluster_6_work s4-work.v.C3
work.v work.v.13 s0-work.v.C4 s1-work.v.0 s2-work.v.C0 s3-child_cluster_1_work s4-work.v.C5
work.v work.v.10 s0-work.v.C2 s1-work.v.0 s2-work.v.C0 s3-area_cluster_2_work s4-work.v.C2
work.v work.v.11 s0-work.v.C2 s1-work.v.0 s2-work.v.C0 s3-system_cluster_0_work s4-work.v.C1
work.v work.v.96 s0-work.v.C3 s1-work.v.0 s2-work.v.C0 s3-system_cluster_0_work s4-work.v.C2
work.v work.v.97 s0-work.v.C3 s1-work.v.0 s2-work.v.C0 s3-system_cluster_0_work s4-work.v.C2
work.v work.v.94 s0-work.v.C2 s1-work.v.0 s2-work.v.C0 s3-system_cluster_0_work s4-work.v.C2
work.v work.v.95 s0-work.v.C4 s1-work.v.0 s2-work.v.C0 s3-system_cluster_0_work s4-work.v.C2
work.v work.v.92 s0-work.v.C2 s1-work.v.0 s2-work.v.C0 s3-painting_cluster_7_work s4-work.v.C2
work.v work.v.93 s0-work.v.C3 s1-work.v.0 s2-work.v.C0 s3-child_cluster_1_work s4-work.v.C2
work.v work.v.90 s0-work.v.C3 s1-work.v.0 s2-work.v.C0 s3-system_cluster_0_work s4-work.v.C2
work.v work.v.91 s0-work.v.C3 s1-work.v.0 s2-work.v.C0 s3-woman_cluster_3_work s4-work.v.C2
work.v work.v.98 s0-work.v.C3 s1-work.v.0 s2-work.v.C0 s3-system_cluster_0_work s4-work.v.C2
work.v work.v.99 s0-work.v.C1 s1-work.v.0 s2-work.v.C0 s3-area_cluster_2_work s4-work.v.C2
work.v work.v.129 s0-work.v.C3 s1-work.v.0 s2-work.v.C0 s3-system_cluster_0_work s4-work.v.C1
work.v work.v.128 s0-work.v.C3 s1-work.v.0 s2-work.v.C0 s3-problem_cluster_4_work s4-work.v.C2
work.v work.v.121 s0-work.v.C4 s1-work.v.0 s2-work.v.C0 s3-problem_cluster_4_work s4-work.v.C2
work.v work.v.120 s0-work.v.C1 s1-work.v.0 s2-work.v.C0 s3-plan_cluster_5_work s4-work.v.C1
work.v work.v.123 s0-work.v.C4 s1-work.v.0 s2-work.v.C0 s3-problem_cluster_4_work s4-work.v.C1
work.v work.v.122 s0-work.v.C4 s1-work.v.0 s2-work.v.C0 s3-system_cluster_0_work s4-work.v.C5
work.v work.v.125 s0-work.v.C1 s1-work.v.0 s2-work.v.C0 s3-farmer_cluster_9_work s4-work.v.C2
work.v work.v.124 s0-work.v.C2 s1-work.v.0 s2-work.v.C0 s3-system_cluster_0_work s4-work.v.C2
work.v work.v.127 s0-work.v.C3 s1-work.v.0 s2-work.v.C0 s3-problem_cluster_4_work s4-work.v.C8
work.v work.v.126 s0-work.v.C5 s1-work.v.0 s2-work.v.C0 s3-painting_cluster_7_work s4-work.v.C3
work.v work.v.240 s0-work.v.C1 s1-work.v.0 s2-work.v.C0 s3-book_cluster_6_work s4-work.v.C3
work.v work.v.241 s0-work.v.C4 s1-work.v.0 s2-work.v.C0 s3-system_cluster_0_work s4-work.v.C1
work.v work.v.242 s0-work.v.C4 s1-work.v.0 s2-work.v.C0 s3-system_cluster_0_work s4-work.v.C2
work.v work.v.243 s0-work.v.C2 s1-work.v.0 s2-work.v.C0 s3-system_cluster_0_work s4-work.v.C2
work.v work.v.244 s0-work.v.C2 s1-work.v.0 s2-work.v.C0 s3-system_cluster_0_work s4-work.v.C2
work.v work.v.245 s0-work.v.C4 s1-work.v.0 s2-work.v.C0 s3-system_cluster_0_work s4-work.v.C2
work.v work.v.246 s0-work.v.C4 s1-work.v.0 s2-work.v.C0 s3-system_cluster_0_work s4-work.v.C4
work.v work.v.247 s0-work.v.C4 s1-work.v.0 s2-work.v.C0 s3-plan_cluster_5_work s4-work.v.C2
work.v work.v.248 s0-work.v.C1 s1-work.v.0 s2-work.v.C0 s3-child_cluster_1_work s4-work.v.C1
work.v work.v.249 s0-work.v.C1 s1-work.v.0 s2-work.v.C0 s3-child_cluster_1_work s4-work.v.C1
work.v work.v.41 s0-work.v.C1 s1-work.v.0 s2-work.v.C0 s3-child_cluster_1_work s4-work.v.C7
work.v work.v.40 s0-work.v.C2 s1-work.v.0 s2-work.v.C0 s3-woman_cluster_3_work s4-work.v.C1
work.v work.v.43 s0-work.v.C5 s1-work.v.0 s2-work.v.C0 s3-child_cluster_1_work s4-work.v.C1
work.v work.v.45 s0-work.v.C4 s1-work.v.0 s2-work.v.C0 s3-plan_cluster_5_work s4-work.v.C2
work.v work.v.47 s0-work.v.C3 s1-work.v.0 s2-work.v.C0 s3-problem_cluster_4_work s4-work.v.C2
work.v work.v.46 s0-work.v.C2 s1-work.v.0 s2-work.v.C0 s3-plan_cluster_5_work s4-work.v.C1
work.v work.v.49 s0-work.v.C1 s1-work.v.0 s2-work.v.C0 s3-plan_cluster_5_work s4-work.v.C2
work.v work.v.48 s0-work.v.C1 s1-work.v.0 s2-work.v.C0 s3-area_cluster_2_work s4-work.v.C1
work.v work.v.172 s0-work.v.C3 s1-work.v.0 s2-work.v.C0 s3-child_cluster_1_work s4-work.v.C1
work.v work.v.173 s0-work.v.C3 s1-work.v.0 s2-work.v.C0 s3-problem_cluster_4_work s4-work.v.C2
work.v work.v.170 s0-work.v.C5 s1-work.v.0 s2-work.v.C0 s3-painting_cluster_7_work s4-work.v.C1
work.v work.v.171 s0-work.v.C5 s1-work.v.0 s2-work.v.C0 s3-painting_cluster_7_work s4-work.v.C1
work.v work.v.176 s0-work.v.C3 s1-work.v.0 s2-work.v.C0 s3-woman_cluster_3_work s4-work.v.C3
work.v work.v.177 s0-work.v.C5 s1-work.v.0 s2-work.v.C0 s3-woman_cluster_3_work s4-work.v.C2
work.v work.v.174 s0-work.v.C3 s1-work.v.0 s2-work.v.C0 s3-problem_cluster_4_work s4-work.v.C2
work.v work.v.175 s0-work.v.C3 s1-work.v.0 s2-work.v.C0 s3-painting_cluster_7_work s4-work.v.C2
work.v work.v.178 s0-work.v.C5 s1-work.v.0 s2-work.v.C0 s3-painting_cluster_7_work s4-work.v.C2
work.v work.v.179 s0-work.v.C4 s1-work.v.0 s2-work.v.C0 s3-system_cluster_0_work s4-work.v.C1
work.v work.v.51 s0-work.v.C2 s1-work.v.0 s2-work.v.C0 s3-plan_cluster_5_work s4-work.v.C2
work.v work.v.231 s0-work.v.C1 s1-work.v.0 s2-work.v.C0 s3-area_cluster_2_work s4-work.v.C4
work.v work.v.230 s0-work.v.C3 s1-work.v.0 s2-work.v.C0 s3-farmer_cluster_9_work s4-work.v.C3
work.v work.v.233 s0-work.v.C4 s1-work.v.0 s2-work.v.C0 s3-area_cluster_2_work s4-work.v.C2
work.v work.v.232 s0-work.v.C4 s1-work.v.0 s2-work.v.C0 s3-system_cluster_0_work s4-work.v.C2
work.v work.v.235 s0-work.v.C1 s1-work.v.0 s2-work.v.C0 s3-woman_cluster_3_work s4-work.v.C2
work.v work.v.234 s0-work.v.C1 s1-work.v.0 s2-work.v.C0 s3-farmer_cluster_9_work s4-work.v.C2
work.v work.v.237 s0-work.v.C4 s1-work.v.0 s2-work.v.C0 s3-problem_cluster_4_work s4-work.v.C2
work.v work.v.236 s0-work.v.C4 s1-work.v.0 s2-work.v.C0 s3-system_cluster_0_work s4-work.v.C1
work.v work.v.239 s0-work.v.C1 s1-work.v.0 s2-work.v.C0 s3-plan_cluster_5_work s4-work.v.C2
work.v work.v.238 s0-work.v.C4 s1-work.v.0 s2-work.v.C0 s3-plan_cluster_5_work s4-work.v.C2
work.v work.v.30 s0-work.v.C4 s1-work.v.0 s2-work.v.C0 s3-system_cluster_0_work s4-work.v.C9
work.v work.v.31 s0-work.v.C1 s1-work.v.0 s2-work.v.C0 s3-system_cluster_0_work s4-work.v.C2
work.v work.v.32 s0-work.v.C1 s1-work.v.0 s2-work.v.C0 s3-plan_cluster_5_work s4-work.v.C2
work.v work.v.33 s0-work.v.C2 s1-work.v.0 s2-work.v.C0 s3-child_cluster_1_work s4-work.v.C1
work.v work.v.34 s0-work.v.C2 s1-work.v.0 s2-work.v.C0 s3-child_cluster_1_work s4-work.v.C1
work.v work.v.35 s0-work.v.C2 s1-work.v.0 s2-work.v.C0 s3-child_cluster_1_work s4-work.v.C1
work.v work.v.36 s0-work.v.C4 s1-work.v.0 s2-work.v.C0 s3-problem_cluster_4_work s4-work.v.C2
work.v work.v.37 s0-work.v.C2 s1-work.v.0 s2-work.v.C0 s3-system_cluster_0_work s4-work.v.C6
work.v work.v.38 s0-work.v.C2 s1-work.v.0 s2-work.v.C0 s3-problem_cluster_4_work s4-work.v.C2
work.v work.v.39 s0-work.v.C2 s1-work.v.0 s2-work.v.C0 s3-system_cluster_0_work s4-work.v.C1
work.v work.v.84 s0-work.v.C1 s1-work.v.0 s2-work.v.C0 s3-plan_cluster_5_work s4-work.v.C2
work.v work.v.80 s0-work.v.C4 s1-work.v.0 s2-work.v.C0 s3-problem_cluster_4_work s4-work.v.C2
work.v work.v.82 s0-work.v.C2 s1-work.v.0 s2-work.v.C0 s3-child_cluster_1_work s4-work.v.C2
work.v work.v.88 s0-work.v.C1 s1-work.v.0 s2-work.v.C0 s3-farmer_cluster_9_work s4-work.v.C2
work.v work.v.149 s0-work.v.C5 s1-work.v.0 s2-work.v.C0 s3-child_cluster_1_work s4-work.v.C3
work.v work.v.143 s0-work.v.C1 s1-work.v.0 s2-work.v.C0 s3-child_cluster_1_work s4-work.v.C4
work.v work.v.141 s0-work.v.C2 s1-work.v.0 s2-work.v.C0 s3-child_cluster_1_work s4-work.v.C2
work.v work.v.140 s0-work.v.C3 s1-work.v.0 s2-work.v.C0 s3-painting_cluster_7_work s4-work.v.C2
work.v work.v.147 s0-work.v.C4 s1-work.v.0 s2-work.v.C0 s3-painting_cluster_7_work s4-work.v.C1
work.v work.v.146 s0-work.v.C1 s1-work.v.0 s2-work.v.C0 s3-area_cluster_2_work s4-work.v.C1
work.v work.v.145 s0-work.v.C1 s1-work.v.0 s2-work.v.C0 s3-area_cluster_2_work s4-work.v.C1
work.v work.v.224 s0-work.v.C5 s1-work.v.0 s2-work.v.C0 s3-plan_cluster_5_work s4-work.v.C1
work.v work.v.225 s0-work.v.C5 s1-work.v.0 s2-work.v.C0 s3-book_cluster_6_work s4-work.v.C2
work.v work.v.222 s0-work.v.C3 s1-work.v.0 s2-work.v.C0 s3-film_cluster_8_work s4-work.v.C9
work.v work.v.223 s0-work.v.C4 s1-work.v.0 s2-work.v.C0 s3-area_cluster_2_work s4-work.v.C1
work.v work.v.220 s0-work.v.C2 s1-work.v.0 s2-work.v.C0 s3-woman_cluster_3_work s4-work.v.C1
work.v work.v.221 s0-work.v.C1 s1-work.v.0 s2-work.v.C0 s3-child_cluster_1_work s4-work.v.C2
work.v work.v.268 s0-work.v.C3 s1-work.v.0 s2-work.v.C0 s3-system_cluster_0_work s4-work.v.C2
work.v work.v.269 s0-work.v.C4 s1-work.v.0 s2-work.v.C0 s3-child_cluster_1_work s4-work.v.C1
work.v work.v.262 s0-work.v.C4 s1-work.v.0 s2-work.v.C0 s3-system_cluster_0_work s4-work.v.C2
work.v work.v.263 s0-work.v.C3 s1-work.v.0 s2-work.v.C0 s3-child_cluster_1_work s4-work.v.C4
work.v work.v.260 s0-work.v.C1 s1-work.v.0 s2-work.v.C0 s3-farmer_cluster_9_work s4-work.v.C1
work.v work.v.261 s0-work.v.C4 s1-work.v.0 s2-work.v.C0 s3-system_cluster_0_work s4-work.v.C1
work.v work.v.266 s0-work.v.C1 s1-work.v.0 s2-work.v.C0 s3-system_cluster_0_work s4-work.v.C1
work.v work.v.267 s0-work.v.C5 s1-work.v.0 s2-work.v.C0 s3-farmer_cluster_9_work s4-work.v.C2
work.v work.v.264 s0-work.v.C5 s1-work.v.0 s2-work.v.C0 s3-farmer_cluster_9_work s4-work.v.C3
work.v work.v.265 s0-work.v.C5 s1-work.v.0 s2-work.v.C0 s3-farmer_cluster_9_work s4-work.v.C3
work.v work.v.69 s0-work.v.C4 s1-work.v.0 s2-work.v.C0 s3-system_cluster_0_work s4-work.v.C3
work.v work.v.68 s0-work.v.C1 s1-work.v.0 s2-work.v.C0 s3-system_cluster_0_work s4-work.v.C1
work.v work.v.63 s0-work.v.C5 s1-work.v.0 s2-work.v.C0 s3-farmer_cluster_9_work s4-work.v.C1
work.v work.v.62 s0-work.v.C1 s1-work.v.0 s2-work.v.C0 s3-plan_cluster_5_work s4-work.v.C2
work.v work.v.61 s0-work.v.C2 s1-work.v.0 s2-work.v.C0 s3-plan_cluster_5_work s4-work.v.C1
work.v work.v.60 s0-work.v.C4 s1-work.v.0 s2-work.v.C0 s3-system_cluster_0_work s4-work.v.C2
work.v work.v.67 s0-work.v.C2 s1-work.v.0 s2-work.v.C0 s3-system_cluster_0_work s4-work.v.C2
work.v work.v.66 s0-work.v.C1 s1-work.v.0 s2-work.v.C0 s3-area_cluster_2_work s4-work.v.C2
work.v work.v.65 s0-work.v.C1 s1-work.v.0 s2-work.v.C0 s3-area_cluster_2_work s4-work.v.C2
work.v work.v.64 s0-work.v.C4 s1-work.v.0 s2-work.v.C0 s3-film_cluster_8_work s4-work.v.C2
work.v work.v.198 s0-work.v.C3 s1-work.v.0 s2-work.v.C0 s3-system_cluster_0_work s4-work.v.C4
work.v work.v.199 s0-work.v.C3 s1-work.v.0 s2-work.v.C0 s3-child_cluster_1_work s4-work.v.C1
work.v work.v.194 s0-work.v.C1 s1-work.v.0 s2-work.v.C0 s3-system_cluster_0_work s4-work.v.C2
work.v work.v.195 s0-work.v.C3 s1-work.v.0 s2-work.v.C0 s3-farmer_cluster_9_work s4-work.v.C2
work.v work.v.196 s0-work.v.C5 s1-work.v.0 s2-work.v.C0 s3-child_cluster_1_work s4-work.v.C1
work.v work.v.197 s0-work.v.C3 s1-work.v.0 s2-work.v.C0 s3-problem_cluster_4_work s4-work.v.C2
work.v work.v.190 s0-work.v.C3 s1-work.v.0 s2-work.v.C0 s3-child_cluster_1_work s4-work.v.C5
work.v work.v.191 s0-work.v.C5 s1-work.v.0 s2-work.v.C0 s3-plan_cluster_5_work s4-work.v.C2
work.v work.v.192 s0-work.v.C5 s1-work.v.0 s2-work.v.C0 s3-painting_cluster_7_work s4-work.v.C2
work.v work.v.193 s0-work.v.C5 s1-work.v.0 s2-work.v.C0 s3-child_cluster_1_work s4-work.v.C1
work.v work.v.114 s0-work.v.C4 s1-work.v.0 s2-work.v.C0 s3-system_cluster_0_work s4-work.v.C2
work.v work.v.115 s0-work.v.C4 s1-work.v.0 s2-work.v.C0 s3-problem_cluster_4_work s4-work.v.C2
work.v work.v.116 s0-work.v.C4 s1-work.v.0 s2-work.v.C0 s3-plan_cluster_5_work s4-work.v.C2
work.v work.v.117 s0-work.v.C4 s1-work.v.0 s2-work.v.C0 s3-plan_cluster_5_work s4-work.v.C2
work.v work.v.110 s0-work.v.C1 s1-work.v.0 s2-work.v.C0 s3-system_cluster_0_work s4-work.v.C1
work.v work.v.111 s0-work.v.C1 s1-work.v.0 s2-work.v.C0 s3-system_cluster_0_work s4-work.v.C2
work.v work.v.112 s0-work.v.C1 s1-work.v.0 s2-work.v.C0 s3-system_cluster_0_work s4-work.v.C2
work.v work.v.113 s0-work.v.C4 s1-work.v.0 s2-work.v.C0 s3-child_cluster_1_work s4-work.v.C2
work.v work.v.118 s0-work.v.C4 s1-work.v.0 s2-work.v.C0 s3-plan_cluster_5_work s4-work.v.C3
work.v work.v.119 s0-work.v.C3 s1-work.v.0 s2-work.v.C0 s3-film_cluster_8_work s4-work.v.C1
work.v work.v.253 s0-work.v.C5 s1-work.v.0 s2-work.v.C0 s3-child_cluster_1_work s4-work.v.C1
work.v work.v.252 s0-work.v.C3 s1-work.v.0 s2-work.v.C0 s3-farmer_cluster_9_work s4-work.v.C2
work.v work.v.251 s0-work.v.C3 s1-work.v.0 s2-work.v.C0 s3-problem_cluster_4_work s4-work.v.C2
work.v work.v.250 s0-work.v.C3 s1-work.v.0 s2-work.v.C0 s3-child_cluster_1_work s4-work.v.C2
work.v work.v.257 s0-work.v.C5 s1-work.v.0 s2-work.v.C0 s3-system_cluster_0_work s4-work.v.C5
work.v work.v.256 s0-work.v.C5 s1-work.v.0 s2-work.v.C0 s3-child_cluster_1_work s4-work.v.C4
work.v work.v.255 s0-work.v.C1 s1-work.v.0 s2-work.v.C0 s3-problem_cluster_4_work s4-work.v.C1
work.v work.v.254 s0-work.v.C1 s1-work.v.0 s2-work.v.C0 s3-book_cluster_6_work s4-work.v.C2
work.v work.v.259 s0-work.v.C3 s1-work.v.0 s2-work.v.C0 s3-child_cluster_1_work s4-work.v.C4
work.v work.v.258 s0-work.v.C2 s1-work.v.0 s2-work.v.C0 s3-farmer_cluster_9_work s4-work.v.C2
work.v work.v.52 s0-work.v.C1 s1-work.v.0 s2-work.v.C0 s3-system_cluster_0_work s4-work.v.C2
work.v work.v.53 s0-work.v.C1 s1-work.v.0 s2-work.v.C0 s3-area_cluster_2_work s4-work.v.C2
work.v work.v.50 s0-work.v.C2 s1-work.v.0 s2-work.v.C0 s3-film_cluster_8_work s4-work.v.C2
work.v work.v.56 s0-work.v.C2 s1-work.v.0 s2-work.v.C0 s3-problem_cluster_4_work s4-work.v.C1
work.v work.v.57 s0-work.v.C5 s1-work.v.0 s2-work.v.C0 s3-painting_cluster_7_work s4-work.v.C2
work.v work.v.54 s0-work.v.C1 s1-work.v.0 s2-work.v.C0 s3-child_cluster_1_work s4-work.v.C2
work.v work.v.55 s0-work.v.C2 s1-work.v.0 s2-work.v.C0 s3-system_cluster_0_work s4-work.v.C2
work.v work.v.58 s0-work.v.C4 s1-work.v.0 s2-work.v.C0 s3-system_cluster_0_work s4-work.v.C1
work.v work.v.59 s0-work.v.C4 s1-work.v.0 s2-work.v.C0 s3-system_cluster_0_work s4-work.v.C1
work.v work.v.169 s0-work.v.C5 s1-work.v.0 s2-work.v.C0 s3-painting_cluster_7_work s4-work.v.C1
work.v work.v.168 s0-work.v.C5 s1-work.v.0 s2-work.v.C0 s3-painting_cluster_7_work s4-work.v.C3
work.v work.v.165 s0-work.v.C4 s1-work.v.0 s2-work.v.C0 s3-farmer_cluster_9_work s4-work.v.C3
work.v work.v.164 s0-work.v.C5 s1-work.v.0 s2-work.v.C0 s3-painting_cluster_7_work s4-work.v.C1
work.v work.v.167 s0-work.v.C3 s1-work.v.0 s2-work.v.C0 s3-system_cluster_0_work s4-work.v.C3
work.v work.v.166 s0-work.v.C3 s1-work.v.0 s2-work.v.C0 s3-farmer_cluster_9_work s4-work.v.C4
work.v work.v.161 s0-work.v.C4 s1-work.v.0 s2-work.v.C0 s3-woman_cluster_3_work s4-work.v.C1
work.v work.v.160 s0-work.v.C2 s1-work.v.0 s2-work.v.C0 s3-system_cluster_0_work s4-work.v.C5
work.v work.v.163 s0-work.v.C4 s1-work.v.0 s2-work.v.C0 s3-plan_cluster_5_work s4-work.v.C1
work.v work.v.162 s0-work.v.C4 s1-work.v.0 s2-work.v.C0 s3-plan_cluster_5_work s4-work.v.C2
work.v work.v.208 s0-work.v.C5 s1-work.v.0 s2-work.v.C0 s3-film_cluster_8_work s4-work.v.C2
work.v work.v.209 s0-work.v.C5 s1-work.v.0 s2-work.v.C0 s3-system_cluster_0_work s4-work.v.C1
work.v work.v.204 s0-work.v.C1 s1-work.v.0 s2-work.v.C0 s3-system_cluster_0_work s4-work.v.C1
work.v work.v.205 s0-work.v.C3 s1-work.v.0 s2-work.v.C0 s3-child_cluster_1_work s4-work.v.C2
work.v work.v.206 s0-work.v.C1 s1-work.v.0 s2-work.v.C0 s3-system_cluster_0_work s4-work.v.C1
work.v work.v.207 s0-work.v.C1 s1-work.v.0 s2-work.v.C0 s3-system_cluster_0_work s4-work.v.C2
work.v work.v.200 s0-work.v.C3 s1-work.v.0 s2-work.v.C0 s3-book_cluster_6_work s4-work.v.C10
work.v work.v.201 s0-work.v.C3 s1-work.v.0 s2-work.v.C0 s3-system_cluster_0_work s4-work.v.C1
work.v work.v.202 s0-work.v.C5 s1-work.v.0 s2-work.v.C0 s3-system_cluster_0_work s4-work.v.C1
work.v work.v.203 s0-work.v.C5 s1-work.v.0 s2-work.v.C0 s3-farmer_cluster_9_work s4-work.v.C1
work.v work.v.85 s0-work.v.C4 s1-work.v.0 s2-work.v.C0 s3-system_cluster_0_work s4-work.v.C2
work.v work.v.87 s0-work.v.C1 s1-work.v.0 s2-work.v.C0 s3-child_cluster_1_work s4-work.v.C2
work.v work.v.86 s0-work.v.C4 s1-work.v.0 s2-work.v.C0 s3-area_cluster_2_work s4-work.v.C7
work.v work.v.81 s0-work.v.C2 s1-work.v.0 s2-work.v.C0 s3-child_cluster_1_work s4-work.v.C2
work.v work.v.83 s0-work.v.C3 s1-work.v.0 s2-work.v.C0 s3-area_cluster_2_work s4-work.v.C2
work.v work.v.89 s0-work.v.C3 s1-work.v.0 s2-work.v.C0 s3-child_cluster_1_work s4-work.v.C6
work.v work.v.4 s0-work.v.C1 s1-work.v.0 s2-work.v.C0 s3-painting_cluster_7_work s4-work.v.C2
work.v work.v.5 s0-work.v.C2 s1-work.v.0 s2-work.v.C0 s3-problem_cluster_4_work s4-work.v.C1
work.v work.v.6 s0-work.v.C1 s1-work.v.0 s2-work.v.C0 s3-system_cluster_0_work s4-work.v.C2
work.v work.v.7 s0-work.v.C1 s1-work.v.0 s2-work.v.C0 s3-system_cluster_0_work s4-work.v.C4
work.v work.v.1 s0-work.v.C1 s1-work.v.0 s2-work.v.C0 s3-area_cluster_2_work s4-work.v.C2
work.v work.v.2 s0-work.v.C1 s1-work.v.0 s2-work.v.C0 s3-area_cluster_2_work s4-work.v.C2
work.v work.v.3 s0-work.v.C1 s1-work.v.0 s2-work.v.C0 s3-painting_cluster_7_work s4-work.v.C2
work.v work.v.8 s0-work.v.C5 s1-work.v.0 s2-work.v.C0 s3-farmer_cluster_9_work s4-work.v.C2
work.v work.v.9 s0-work.v.C5 s1-work.v.0 s2-work.v.C0 s3-farmer_cluster_9_work s4-work.v.C2
work.v work.v.138 s0-work.v.C2 s1-work.v.0 s2-work.v.C0 s3-system_cluster_0_work s4-work.v.C4
work.v work.v.139 s0-work.v.C3 s1-work.v.0 s2-work.v.C0 s3-farmer_cluster_9_work s4-work.v.C2
work.v work.v.136 s0-work.v.C5 s1-work.v.0 s2-work.v.C0 s3-system_cluster_0_work s4-work.v.C1
work.v work.v.137 s0-work.v.C5 s1-work.v.0 s2-work.v.C0 s3-child_cluster_1_work s4-work.v.C1
work.v work.v.134 s0-work.v.C3 s1-work.v.0 s2-work.v.C0 s3-woman_cluster_3_work s4-work.v.C2
work.v work.v.135 s0-work.v.C3 s1-work.v.0 s2-work.v.C0 s3-farmer_cluster_9_work s4-work.v.C2
work.v work.v.132 s0-work.v.C2 s1-work.v.0 s2-work.v.C0 s3-child_cluster_1_work s4-work.v.C2
work.v work.v.133 s0-work.v.C4 s1-work.v.0 s2-work.v.C0 s3-system_cluster_0_work s4-work.v.C1
work.v work.v.130 s0-work.v.C1 s1-work.v.0 s2-work.v.C0 s3-book_cluster_6_work s4-work.v.C2
work.v work.v.131 s0-work.v.C4 s1-work.v.0 s2-work.v.C0 s3-system_cluster_0_work s4-work.v.C5
work.v work.v.271 s0-work.v.C5 s1-work.v.0 s2-work.v.C0 s3-problem_cluster_4_work s4-work.v.C2
work.v work.v.270 s0-work.v.C5 s1-work.v.0 s2-work.v.C0 s3-farmer_cluster_9_work s4-work.v.C2
work.v work.v.273 s0-work.v.C3 s1-work.v.0 s2-work.v.C0 s3-problem_cluster_4_work s4-work.v.C2
work.v work.v.272 s0-work.v.C3 s1-work.v.0 s2-work.v.C0 s3-system_cluster_0_work s4-work.v.C1
work.v work.v.74 s0-work.v.C5 s1-work.v.0 s2-work.v.C0 s3-problem_cluster_4_work s4-work.v.C2
work.v work.v.75 s0-work.v.C2 s1-work.v.0 s2-work.v.C0 s3-system_cluster_0_work s4-work.v.C2
work.v work.v.76 s0-work.v.C2 s1-work.v.0 s2-work.v.C0 s3-system_cluster_0_work s4-work.v.C2
work.v work.v.77 s0-work.v.C1 s1-work.v.0 s2-work.v.C0 s3-child_cluster_1_work s4-work.v.C5
work.v work.v.70 s0-work.v.C5 s1-work.v.0 s2-work.v.C0 s3-child_cluster_1_work s4-work.v.C8
work.v work.v.71 s0-work.v.C1 s1-work.v.0 s2-work.v.C0 s3-area_cluster_2_work s4-work.v.C2
work.v work.v.72 s0-work.v.C3 s1-work.v.0 s2-work.v.C0 s3-system_cluster_0_work s4-work.v.C4
work.v work.v.73 s0-work.v.C5 s1-work.v.0 s2-work.v.C0 s3-system_cluster_0_work s4-work.v.C2
work.v work.v.78 s0-work.v.C4 s1-work.v.0 s2-work.v.C0 s3-farmer_cluster_9_work s4-work.v.C2
work.v work.v.79 s0-work.v.C4 s1-work.v.0 s2-work.v.C0 s3-plan_cluster_5_work s4-work.v.C2
work.v work.v.189 s0-work.v.C5 s1-work.v.0 s2-work.v.C0 s3-woman_cluster_3_work s4-work.v.C5
work.v work.v.188 s0-work.v.C5 s1-work.v.0 s2-work.v.C0 s3-child_cluster_1_work s4-work.v.C2
work.v work.v.187 s0-work.v.C3 s1-work.v.0 s2-work.v.C0 s3-farmer_cluster_9_work s4-work.v.C1
work.v work.v.186 s0-work.v.C4 s1-work.v.0 s2-work.v.C0 s3-farmer_cluster_9_work s4-work.v.C5
work.v work.v.185 s0-work.v.C2 s1-work.v.0 s2-work.v.C0 s3-plan_cluster_5_work s4-work.v.C1
work.v work.v.184 s0-work.v.C2 s1-work.v.0 s2-work.v.C0 s3-area_cluster_2_work s4-work.v.C10
work.v work.v.183 s0-work.v.C3 s1-work.v.0 s2-work.v.C0 s3-problem_cluster_4_work s4-work.v.C3
work.v work.v.182 s0-work.v.C4 s1-work.v.0 s2-work.v.C0 s3-painting_cluster_7_work s4-work.v.C5
work.v work.v.181 s0-work.v.C3 s1-work.v.0 s2-work.v.C0 s3-film_cluster_8_work s4-work.v.C2
work.v work.v.180 s0-work.v.C5 s1-work.v.0 s2-work.v.C0 s3-film_cluster_8_work s4-work.v.C1
work.v work.v.107 s0-work.v.C2 s1-work.v.0 s2-work.v.C0 s3-plan_cluster_5_work s4-work.v.C1
work.v work.v.106 s0-work.v.C5 s1-work.v.0 s2-work.v.C0 s3-system_cluster_0_work s4-work.v.C2
work.v work.v.105 s0-work.v.C5 s1-work.v.0 s2-work.v.C0 s3-system_cluster_0_work s4-work.v.C1
work.v work.v.104 s0-work.v.C5 s1-work.v.0 s2-work.v.C0 s3-farmer_cluster_9_work s4-work.v.C1
work.v work.v.103 s0-work.v.C4 s1-work.v.0 s2-work.v.C0 s3-woman_cluster_3_work s4-work.v.C2
work.v work.v.102 s0-work.v.C4 s1-work.v.0 s2-work.v.C0 s3-plan_cluster_5_work s4-work.v.C2
work.v work.v.101 s0-work.v.C4 s1-work.v.0 s2-work.v.C0 s3-system_cluster_0_work s4-work.v.C3
work.v work.v.100 s0-work.v.C2 s1-work.v.0 s2-work.v.C0 s3-system_cluster_0_work s4-work.v.C2
work.v work.v.109 s0-work.v.C1 s1-work.v.0 s2-work.v.C0 s3-system_cluster_0_work s4-work.v.C4
work.v work.v.108 s0-work.v.C4 s1-work.v.0 s2-work.v.C0 s3-child_cluster_1_work s4-work.v.C2
work.v work.v.228 s0-work.v.C5 s1-work.v.0 s2-work.v.C0 s3-painting_cluster_7_work s4-work.v.C2
work.v work.v.229 s0-work.v.C5 s1-work.v.0 s2-work.v.C0 s3-painting_cluster_7_work s4-work.v.C2
work.v work.v.27 s0-work.v.C4 s1-work.v.0 s2-work.v.C0 s3-system_cluster_0_work s4-work.v.C2
work.v work.v.26 s0-work.v.C2 s1-work.v.0 s2-work.v.C0 s3-area_cluster_2_work s4-work.v.C3
work.v work.v.25 s0-work.v.C2 s1-work.v.0 s2-work.v.C0 s3-area_cluster_2_work s4-work.v.C3
work.v work.v.24 s0-work.v.C4 s1-work.v.0 s2-work.v.C0 s3-plan_cluster_5_work s4-work.v.C2
work.v work.v.23 s0-work.v.C4 s1-work.v.0 s2-work.v.C0 s3-system_cluster_0_work s4-work.v.C2
work.v work.v.22 s0-work.v.C4 s1-work.v.0 s2-work.v.C0 s3-farmer_cluster_9_work s4-work.v.C2
work.v work.v.21 s0-work.v.C2 s1-work.v.0 s2-work.v.C0 s3-system_cluster_0_work s4-work.v.C2
work.v work.v.20 s0-work.v.C4 s1-work.v.0 s2-work.v.C0 s3-system_cluster_0_work s4-work.v.C2
work.v work.v.29 s0-work.v.C2 s1-work.v.0 s2-work.v.C0 s3-child_cluster_1_work s4-work.v.C2
work.v work.v.28 s0-work.v.C2 s1-work.v.0 s2-work.v.C0 s3-area_cluster_2_work s4-work.v.C3
work.v work.v.158 s0-work.v.C3 s1-work.v.0 s2-work.v.C0 s3-problem_cluster_4_work s4-work.v.C2
work.v work.v.159 s0-work.v.C3 s1-work.v.0 s2-work.v.C0 s3-book_cluster_6_work s4-work.v.C2
work.v work.v.150 s0-work.v.C3 s1-work.v.0 s2-work.v.C0 s3-system_cluster_0_work s4-work.v.C1
work.v work.v.151 s0-work.v.C5 s1-work.v.0 s2-work.v.C0 s3-painting_cluster_7_work s4-work.v.C1
work.v work.v.152 s0-work.v.C3 s1-work.v.0 s2-work.v.C0 s3-problem_cluster_4_work s4-work.v.C1
work.v work.v.153 s0-work.v.C1 s1-work.v.0 s2-work.v.C0 s3-system_cluster_0_work s4-work.v.C1
work.v work.v.154 s0-work.v.C1 s1-work.v.0 s2-work.v.C0 s3-system_cluster_0_work s4-work.v.C1
work.v work.v.155 s0-work.v.C2 s1-work.v.0 s2-work.v.C0 s3-system_cluster_0_work s4-work.v.C1
work.v work.v.156 s0-work.v.C3 s1-work.v.0 s2-work.v.C0 s3-farmer_cluster_9_work s4-work.v.C2
work.v work.v.157 s0-work.v.C3 s1-work.v.0 s2-work.v.C0 s3-woman_cluster_3_work s4-work.v.C3
