authority.n authority.n.17 government_cluster_0_authority
authority.n authority.n.11 government_cluster_0_authority
authority.n authority.n.107 government_cluster_0_authority
authority.n authority.n.94 bill_cluster_4_authority
authority.n authority.n.7 bill_cluster_4_authority
authority.n authority.n.4 work_cluster_3_authority
authority.n authority.n.105 bill_cluster_4_authority
authority.n authority.n.56 bill_cluster_4_authority
authority.n authority.n.57 bill_cluster_4_authority
authority.n authority.n.88 bill_cluster_4_authority
authority.n authority.n.41 government_cluster_0_authority
authority.n authority.n.44 government_cluster_0_authority
authority.n authority.n.29 belt_cluster_11_authority
authority.n authority.n.90 bill_cluster_4_authority
authority.n authority.n.24 bill_cluster_4_authority
authority.n authority.n.25 government_cluster_0_authority
authority.n authority.n.12 work_cluster_3_authority
authority.n authority.n.84 bill_cluster_4_authority
authority.n authority.n.54 child_cluster_2_authority
authority.n authority.n.102 bank_cluster_6_authority
authority.n authority.n.16 bill_cluster_4_authority
authority.n authority.n.99 health_cluster_1_authority
authority.n authority.n.80 government_cluster_0_authority
authority.n authority.n.62 bill_cluster_4_authority
authority.n authority.n.92 bill_cluster_4_authority
authority.n authority.n.78 government_cluster_0_authority
authority.n authority.n.98 government_cluster_0_authority
authority.n authority.n.42 work_cluster_3_authority
authority.n authority.n.13 work_cluster_3_authority
authority.n authority.n.6 government_cluster_0_authority
authority.n authority.n.68 government_cluster_0_authority
authority.n authority.n.89 health_cluster_1_authority
authority.n authority.n.108 government_cluster_0_authority
authority.n authority.n.8 government_cluster_0_authority
authority.n authority.n.3 government_cluster_0_authority
authority.n authority.n.95 bill_cluster_4_authority
authority.n authority.n.106 bill_cluster_4_authority
authority.n authority.n.59 bank_cluster_6_authority
authority.n authority.n.45 teacher_cluster_5_authority
authority.n authority.n.110 teacher_cluster_5_authority
authority.n authority.n.36 government_cluster_0_authority
authority.n authority.n.52 belt_cluster_11_authority
authority.n authority.n.38 bank_cluster_6_authority
authority.n authority.n.67 work_cluster_3_authority
authority.n authority.n.64 government_cluster_0_authority
authority.n authority.n.49 government_cluster_0_authority
authority.n authority.n.33 government_cluster_0_authority
authority.n authority.n.111 health_cluster_1_authority
authority.n authority.n.63 work_cluster_3_authority
authority.n authority.n.109 government_cluster_0_authority
authority.n authority.n.35 health_cluster_1_authority
authority.n authority.n.76 government_cluster_0_authority
authority.n authority.n.5 government_cluster_0_authority
authority.n authority.n.65 government_cluster_0_authority
authority.n authority.n.23 government_cluster_0_authority
authority.n authority.n.37 bill_cluster_4_authority
authority.n authority.n.40 government_cluster_0_authority
authority.n authority.n.1 work_cluster_3_authority
authority.n authority.n.96 bill_cluster_4_authority
authority.n authority.n.104 bill_cluster_4_authority
authority.n authority.n.86 health_cluster_1_authority
authority.n authority.n.69 government_cluster_0_authority
authority.n authority.n.46 teacher_cluster_5_authority
authority.n authority.n.60 government_cluster_0_authority
authority.n authority.n.70 government_cluster_0_authority
authority.n authority.n.97 government_cluster_0_authority
authority.n authority.n.14 work_cluster_3_authority
authority.n authority.n.39 government_cluster_0_authority
authority.n authority.n.10 bank_cluster_6_authority
authority.n authority.n.100 health_cluster_1_authority
authority.n authority.n.66 child_cluster_2_authority
authority.n authority.n.91 bill_cluster_4_authority
authority.n authority.n.101 bank_cluster_6_authority
authority.n authority.n.34 government_cluster_0_authority
authority.n authority.n.72 bill_cluster_4_authority
authority.n authority.n.18 health_cluster_1_authority
authority.n authority.n.79 bill_cluster_4_authority
authority.n authority.n.83 government_cluster_0_authority
authority.n authority.n.61 government_cluster_0_authority
authority.n authority.n.103 government_cluster_0_authority
authority.n authority.n.20 bill_cluster_4_authority
authority.n authority.n.55 conference_cluster_8_authority
authority.n authority.n.74 bill_cluster_4_authority
authority.n authority.n.51 bank_cluster_6_authority
authority.n authority.n.87 bill_cluster_4_authority
authority.n authority.n.2 bill_cluster_4_authority
authority.n authority.n.58 government_cluster_0_authority
authority.n authority.n.53 government_cluster_0_authority
authority.n authority.n.93 bill_cluster_4_authority
authority.n authority.n.9 bank_cluster_6_authority
authority.n authority.n.26 government_cluster_0_authority
authority.n authority.n.81 bill_cluster_4_authority
authority.n authority.n.27 government_cluster_0_authority
authority.n authority.n.47 government_cluster_0_authority
authority.n authority.n.15 government_cluster_0_authority
authority.n authority.n.50 bill_cluster_4_authority
authority.n authority.n.85 government_cluster_0_authority
authority.n authority.n.28 health_cluster_1_authority
authority.n authority.n.43 bill_cluster_4_authority
authority.n authority.n.21 work_cluster_3_authority
authority.n authority.n.31 government_cluster_0_authority
authority.n authority.n.32 government_cluster_0_authority
authority.n authority.n.30 bank_cluster_6_authority
authority.n authority.n.75 government_cluster_0_authority
authority.n authority.n.73 bill_cluster_4_authority
authority.n authority.n.71 bill_cluster_4_authority
authority.n authority.n.48 government_cluster_0_authority
authority.n authority.n.19 government_cluster_0_authority
authority.n authority.n.82 government_cluster_0_authority
authority.n authority.n.77 government_cluster_0_authority
authority.n authority.n.22 bill_cluster_4_authority
