chance.n chance.n.10 student_cluster_3_chance
chance.n chance.n.12 government_cluster_2_chance
chance.n chance.n.78 market_cluster_1_chance
chance.n chance.n.98 student_cluster_3_chance
chance.n chance.n.87 market_cluster_1_chance
chance.n chance.n.27 market_cluster_1_chance
chance.n chance.n.101 market_cluster_1_chance
chance.n chance.n.53 market_cluster_1_chance
chance.n chance.n.67 government_cluster_2_chance
chance.n chance.n.8 government_cluster_2_chance
chance.n chance.n.80 market_cluster_1_chance
chance.n chance.n.41 market_cluster_1_chance
chance.n chance.n.19 candidate_cluster_5_chance
chance.n chance.n.77 child_cluster_0_chance
chance.n chance.n.85 market_cluster_1_chance
chance.n chance.n.33 child_cluster_0_chance
chance.n chance.n.47 market_cluster_1_chance
chance.n chance.n.91 market_cluster_1_chance
chance.n chance.n.34 market_cluster_1_chance
chance.n chance.n.49 government_cluster_2_chance
chance.n chance.n.39 ball_cluster_4_chance
chance.n chance.n.22 market_cluster_1_chance
chance.n chance.n.90 ball_cluster_4_chance
chance.n chance.n.4 student_cluster_3_chance
chance.n chance.n.102 market_cluster_1_chance
chance.n chance.n.72 market_cluster_1_chance
chance.n chance.n.18 candidate_cluster_5_chance
chance.n chance.n.29 market_cluster_1_chance
chance.n chance.n.45 government_cluster_2_chance
chance.n chance.n.50 government_cluster_2_chance
chance.n chance.n.30 government_cluster_2_chance
chance.n chance.n.58 market_cluster_1_chance
chance.n chance.n.97 market_cluster_1_chance
chance.n chance.n.28 market_cluster_1_chance
chance.n chance.n.20 government_cluster_2_chance
chance.n chance.n.105 market_cluster_1_chance
chance.n chance.n.94 student_cluster_3_chance
chance.n chance.n.60 market_cluster_1_chance
chance.n chance.n.86 market_cluster_1_chance
chance.n chance.n.83 government_cluster_2_chance
chance.n chance.n.84 government_cluster_2_chance
chance.n chance.n.89 market_cluster_1_chance
chance.n chance.n.16 government_cluster_2_chance
chance.n chance.n.31 government_cluster_2_chance
chance.n chance.n.75 market_cluster_1_chance
chance.n chance.n.52 ball_cluster_4_chance
chance.n chance.n.62 student_cluster_3_chance
chance.n chance.n.36 market_cluster_1_chance
chance.n chance.n.23 government_cluster_2_chance
chance.n chance.n.104 market_cluster_1_chance
chance.n chance.n.48 student_cluster_3_chance
chance.n chance.n.95 market_cluster_1_chance
chance.n chance.n.54 government_cluster_2_chance
chance.n chance.n.66 government_cluster_2_chance
chance.n chance.n.2 candidate_cluster_5_chance
chance.n chance.n.65 government_cluster_2_chance
chance.n chance.n.100 market_cluster_1_chance
chance.n chance.n.81 child_cluster_0_chance
chance.n chance.n.38 student_cluster_3_chance
chance.n chance.n.26 student_cluster_3_chance
chance.n chance.n.74 market_cluster_1_chance
chance.n chance.n.92 market_cluster_1_chance
chance.n chance.n.43 market_cluster_1_chance
chance.n chance.n.93 market_cluster_1_chance
chance.n chance.n.3 student_cluster_3_chance
chance.n chance.n.76 market_cluster_1_chance
chance.n chance.n.55 child_cluster_0_chance
chance.n chance.n.69 child_cluster_0_chance
chance.n chance.n.37 government_cluster_2_chance
chance.n chance.n.96 government_cluster_2_chance
chance.n chance.n.6 ball_cluster_4_chance
chance.n chance.n.68 market_cluster_1_chance
chance.n chance.n.103 market_cluster_1_chance
chance.n chance.n.51 child_cluster_0_chance
chance.n chance.n.44 market_cluster_1_chance
chance.n chance.n.57 government_cluster_2_chance
chance.n chance.n.88 market_cluster_1_chance
chance.n chance.n.106 market_cluster_1_chance
chance.n chance.n.46 market_cluster_1_chance
chance.n chance.n.82 candidate_cluster_5_chance
chance.n chance.n.73 market_cluster_1_chance
chance.n chance.n.7 child_cluster_0_chance
chance.n chance.n.5 student_cluster_3_chance
chance.n chance.n.17 market_cluster_1_chance
chance.n chance.n.15 child_cluster_0_chance
chance.n chance.n.13 market_cluster_1_chance
chance.n chance.n.21 market_cluster_1_chance
chance.n chance.n.14 market_cluster_1_chance
chance.n chance.n.35 government_cluster_2_chance
chance.n chance.n.1 student_cluster_3_chance
chance.n chance.n.32 student_cluster_3_chance
chance.n chance.n.71 market_cluster_1_chance
chance.n chance.n.42 market_cluster_1_chance
chance.n chance.n.64 market_cluster_1_chance
chance.n chance.n.70 market_cluster_1_chance
chance.n chance.n.40 market_cluster_1_chance
chance.n chance.n.25 market_cluster_1_chance
chance.n chance.n.56 government_cluster_2_chance
chance.n chance.n.9 government_cluster_2_chance
chance.n chance.n.59 market_cluster_1_chance
chance.n chance.n.63 student_cluster_3_chance
chance.n chance.n.24 government_cluster_2_chance
chance.n chance.n.99 student_cluster_3_chance
chance.n chance.n.79 market_cluster_1_chance
chance.n chance.n.61 market_cluster_1_chance
chance.n chance.n.11 market_cluster_1_chance
