moment.n moment.n.100 @moment@|1/0.999
moment.n moment.n.101 @moment@|1/1.0
moment.n moment.n.102 @moment@|1/0.999
moment.n moment.n.103 @moment@|1/0.999
moment.n moment.n.104 @moment@|1/1.0
moment.n moment.n.105 @moment@|1/1.0
moment.n moment.n.106 @moment@|1/1.0
moment.n moment.n.107 @moment@|1/0.999
moment.n moment.n.108 @moment@|1/1.0
moment.n moment.n.109 @moment@|1/1.0
moment.n moment.n.10 @moment@|1/1.0
moment.n moment.n.110 @moment@|1/1.0
moment.n moment.n.111 @moment@|1/0.999
moment.n moment.n.112 @moment@|1/1.0
moment.n moment.n.113 @moment@|1/1.0
moment.n moment.n.114 @moment@|0/1.0
moment.n moment.n.115 @moment@|2/1.0
moment.n moment.n.116 @moment@|1/1.0
moment.n moment.n.117 @moment@|1/1.0
moment.n moment.n.118 @moment@|2/1.0
moment.n moment.n.119 @moment@|1/0.999
moment.n moment.n.11 @moment@|1/1.0
moment.n moment.n.120 @moment@|1/0.999
moment.n moment.n.121 @moment@|1/1.0
moment.n moment.n.122 @moment@|1/0.999
moment.n moment.n.123 @moment@|1/1.0
moment.n moment.n.124 @moment@|1/1.0
moment.n moment.n.125 @moment@|1/1.0
moment.n moment.n.126 @moment@|1/1.0
moment.n moment.n.127 @moment@|1/0.999
moment.n moment.n.128 @moment@|1/1.0
moment.n moment.n.129 @moment@|1/1.0
moment.n moment.n.12 @moment@|1/1.0
moment.n moment.n.130 @moment@|1/1.0
moment.n moment.n.131 @moment@|1/1.0
moment.n moment.n.132 @moment@|1/1.0
moment.n moment.n.133 @moment@|1/1.0
moment.n moment.n.134 @moment@|1/1.0
moment.n moment.n.135 @moment@|1/1.0
moment.n moment.n.136 @moment@|1/1.0
moment.n moment.n.137 @moment@|1/1.0
moment.n moment.n.138 @moment@|1/0.999
moment.n moment.n.139 @moment@|1/1.0
moment.n moment.n.13 @moment@|0/1.0
moment.n moment.n.140 @moment@|0/1.0
moment.n moment.n.141 @moment@|1/1.0
moment.n moment.n.142 @moment@|1/1.0
moment.n moment.n.143 @moment@|0/1.0
moment.n moment.n.14 @moment@|1/1.0
moment.n moment.n.15 @moment@|1/1.0
moment.n moment.n.16 @moment@|1/0.999
moment.n moment.n.17 @moment@|1/1.0
moment.n moment.n.18 @moment@|1/1.0
moment.n moment.n.19 @moment@|0/1.0
moment.n moment.n.1 @moment@|1/1.0
moment.n moment.n.20 @moment@|1/1.0
moment.n moment.n.21 @moment@|0/1.0
moment.n moment.n.22 @moment@|1/1.0
moment.n moment.n.23 @moment@|1/1.0
moment.n moment.n.24 @moment@|1/1.0
moment.n moment.n.25 @moment@|1/0.999
moment.n moment.n.26 @moment@|1/1.0
moment.n moment.n.27 @moment@|1/1.0
moment.n moment.n.28 @moment@|0/1.0
moment.n moment.n.29 @moment@|1/1.0
moment.n moment.n.2 @moment@|1/1.0
moment.n moment.n.30 @moment@|0/1.0
moment.n moment.n.31 @moment@|1/1.0
moment.n moment.n.32 @moment@|1/1.0
moment.n moment.n.33 @moment@|1/1.0
moment.n moment.n.34 @moment@|1/1.0
moment.n moment.n.35 @moment@|1/1.0
moment.n moment.n.36 @moment@|1/1.0
moment.n moment.n.37 @moment@|1/1.0
moment.n moment.n.38 @moment@|1/1.0
moment.n moment.n.39 @moment@|1/1.0
moment.n moment.n.3 @moment@|2/1.0
moment.n moment.n.40 @moment@|1/1.0
moment.n moment.n.41 @moment@|2/1.0
moment.n moment.n.42 @moment@|1/1.0
moment.n moment.n.43 @moment@|0/1.0
moment.n moment.n.44 @moment@|0/1.0
moment.n moment.n.45 @moment@|1/0.999
moment.n moment.n.46 @moment@|1/1.0
moment.n moment.n.47 @moment@|1/1.0
moment.n moment.n.48 @moment@|1/1.0
moment.n moment.n.49 @moment@|1/1.0
moment.n moment.n.4 @moment@|1/1.0
moment.n moment.n.50 @moment@|1/1.0
moment.n moment.n.51 @moment@|1/1.0
moment.n moment.n.52 @moment@|1/1.0
moment.n moment.n.53 @moment@|1/1.0
moment.n moment.n.54 @moment@|0/1.0
moment.n moment.n.55 @moment@|1/1.0
moment.n moment.n.56 @moment@|1/1.0
moment.n moment.n.57 @moment@|1/1.0
moment.n moment.n.58 @moment@|1/0.999
moment.n moment.n.59 @moment@|1/1.0
moment.n moment.n.5 @moment@|1/1.0
moment.n moment.n.60 @moment@|1/0.999
moment.n moment.n.61 @moment@|0/1.0
moment.n moment.n.62 @moment@|1/1.0
moment.n moment.n.63 @moment@|1/0.999
moment.n moment.n.64 @moment@|1/1.0
moment.n moment.n.65 @moment@|1/0.999
moment.n moment.n.66 @moment@|1/0.999
moment.n moment.n.67 @moment@|1/1.0
moment.n moment.n.68 @moment@|1/1.0
moment.n moment.n.69 @moment@|1/0.999
moment.n moment.n.6 @moment@|1/1.0
moment.n moment.n.70 @moment@|1/1.0
moment.n moment.n.71 @moment@|1/1.0
moment.n moment.n.72 @moment@|0/1.0
moment.n moment.n.73 @moment@|0/1.0
moment.n moment.n.74 @moment@|1/1.0
moment.n moment.n.75 @moment@|1/1.0
moment.n moment.n.76 @moment@|1/1.0
moment.n moment.n.77 @moment@|1/1.0
moment.n moment.n.78 @moment@|1/1.0
moment.n moment.n.79 @moment@|1/1.0
moment.n moment.n.7 @moment@|1/1.0
moment.n moment.n.80 @moment@|1/1.0
moment.n moment.n.81 @moment@|1/0.999
moment.n moment.n.82 @moment@|1/0.999
moment.n moment.n.83 @moment@|1/0.999
moment.n moment.n.84 @moment@|1/0.999
moment.n moment.n.85 @moment@|1/0.999
moment.n moment.n.86 @moment@|1/1.0
moment.n moment.n.87 @moment@|1/1.0
moment.n moment.n.88 @moment@|0/1.0
moment.n moment.n.89 @moment@|0/1.0
moment.n moment.n.8 @moment@|1/1.0
moment.n moment.n.90 @moment@|1/1.0
moment.n moment.n.91 @moment@|0/1.0
moment.n moment.n.92 @moment@|0/1.0
moment.n moment.n.93 @moment@|1/1.0
moment.n moment.n.94 @moment@|1/1.0
moment.n moment.n.95 @moment@|1/1.0
moment.n moment.n.96 @moment@|1/0.999
moment.n moment.n.97 @moment@|1/0.999
moment.n moment.n.98 @moment@|1/1.0
moment.n moment.n.99 @moment@|2/1.0
moment.n moment.n.9 @moment@|1/1.0
